SPY 기준일 18-Sep-2026 | 구성종목 504
재검증 대상 79 CRH HONA FERG RDDT Q SW VLTO BG EXE LUV LYB STE RL BBY VTRS NI GIS AMCR CF SNA EFX BR TSN LEN EVRG FIS IP CDW ZBH FDXF CHRW GPC DD GEN NDSN LNT J TSCO FTV IEX ZBRA NVR NWSA RVTY BALL APA CHTR SOLV AKAM PTC TYL MAS TXT SWK TRMB SWKS CRL SJM MKC ALB ALLE AVY LII HAS GDDY GNRC BAX CSGP IT PNW TECH JKHY HII DECK AES COO LULU FDS CLX
CRH    CRH PUBLIC LTD CO          cik=0000849395 SIC 3241     57.3B run=11  q=13/13  rank=205
HONA   Honeywell Aerospace Inc.   cik=0002089271 SIC 3724     51.9B run=1   q=1/13   rank=217
FERG   Ferguson Enterprises Inc.  cik=0002011641 SIC 5070     41.5B run=2   q=13/13  rank=254
RDDT   Reddit, Inc.               cik=0001713445 SIC 7374     29.0B run=10  q=10/13  rank=366
Q      Qnity Electronics, Inc.    cik=0002058873 SIC 3674     25.1B run=4   q=3/13   rank=339
SW     Smurfit Westrock plc       cik=0002005951 SIC 2650     23.3B run=10  q=13/13  rank=355
VLTO   Veralto Corp               cik=0001967680 SIC 3825     23.2B run=12  q=11/13  rank=359
BG     Bunge Global SA            cik=0001996862 SIC 2070     22.4B run=11  q=13/13  rank=400
EXE    EXPAND ENERGY Corp         cik=0000895126 SIC 1311     20.3B run=41  q=13/13  rank=382
LUV    SOUTHWEST AIRLINES CO      cik=0000092380 SIC 4512     20.0B run=45  q=13/13  rank=383
LYB    LyondellBasell Industries  cik=0001489393 SIC 2860     20.0B run=37  q=13/13  rank=418
STE    STERIS plc                 cik=0001757898 SIC 3842     20.0B run=30  q=13/13  rank=381
RL     RALPH LAUREN CORP          cik=0001037038 SIC 2320     20.0B run=47  q=13/13  rank=455
BBY    BEST BUY CO INC            cik=0000764478 SIC 5731     19.5B run=39  q=13/13  rank=398
VTRS   Viatris Inc                cik=0001792044 SIC 2834     19.5B run=27  q=13/13  rank=384
NI     NISOURCE INC.              cik=0001111711 SIC 4931     19.5B run=46  q=13/13  rank=385
GIS    GENERAL MILLS INC          cik=0000040704 SIC 2040     19.4B run=30  q=13/13  rank=386
AMCR   Amcor plc                  cik=0001748790 SIC 3990     19.4B run=30  q=13/13  rank=389
CF     CF Industries Holdings, In cik=0001324404 SIC 2870     19.3B run=46  q=13/13  rank=388
SNA    Snap-on Inc                cik=0000091440 SIC 3420     19.3B run=50  q=13/13  rank=387
EFX    EQUIFAX INC                cik=0000033185 SIC 7320     18.7B run=41  q=13/13  rank=394
BR     BROADRIDGE FINANCIAL SOLUT cik=0001383312 SIC 7389     18.6B run=25  q=13/13  rank=395
TSN    TYSON FOODS, INC.          cik=0000100493 SIC 2015     18.6B run=49  q=13/13  rank=429
LEN    LENNAR CORP /NEW/          cik=0000920760 SIC 1520     18.4B run=45  q=13/13  rank=430
EVRG   Evergy, Inc.               cik=0001711269 SIC 4931     18.4B run=33  q=13/13  rank=397
FIS    Fidelity National Informat cik=0001136893 SIC 7389     18.4B run=37  q=13/13  rank=396
IP     INTERNATIONAL PAPER CO /NE cik=0000051434 SIC 2621     18.3B run=48  q=13/13  rank=399
CDW    CDW Corp                   cik=0001402057 SIC 5961     18.3B run=33  q=13/13  rank=402
ZBH    ZIMMER BIOMET HOLDINGS, IN cik=0001136869 SIC 3842     18.2B run=35  q=13/13  rank=401
FDXF   FedEx Freight Holding Comp cik=0002082247 SIC 4513     18.0B run=1   q=1/13   rank=433
CHRW   C. H. ROBINSON WORLDWIDE,  cik=0001043277 SIC 4731     17.9B run=40  q=13/13  rank=403
GPC    GENUINE PARTS CO           cik=0000040987 SIC 5013     17.7B run=34  q=13/13  rank=406
DD     DuPont de Nemours, Inc.    cik=0001666700 SIC 2821     17.4B run=32  q=13/13  rank=407
GEN    Gen Digital Inc.           cik=0000849399 SIC 7372     17.7B run=50  q=13/13  rank=423
NDSN   NORDSON CORP               cik=0000072331 SIC 3569     17.4B run=44  q=13/13  rank=415
LNT    ALLIANT ENERGY CORP        cik=0000352541 SIC 4931     16.9B run=51  q=13/13  rank=412
J      JACOBS SOLUTIONS INC.      cik=0000052988 SIC 1600     16.9B run=45  q=13/13  rank=410
TSCO   TRACTOR SUPPLY CO /DE/     cik=0000916365 SIC 5200     16.8B run=51  q=13/13  rank=411
FTV    Fortive Corp               cik=0001659166 SIC 3823     16.8B run=31  q=13/13  rank=413
IEX    IDEX CORP /DE/             cik=0000832101 SIC 3561     16.5B run=64  q=13/13  rank=414
ZBRA   ZEBRA TECHNOLOGIES CORP    cik=0000877212 SIC 3560     16.7B run=45  q=13/13  rank=416
NVR    NVR INC                    cik=0000906163 SIC 1531     16.4B run=69  q=13/13  rank=424
NWSA   NEWS CORP                  cik=0001564708 SIC 2711     16.1B run=53  q=13/13  rank=469
RVTY   REVVITY, INC.              cik=0000031791 SIC 3826     16.0B run=58  q=13/13  rank=420
BALL   BALL Corp                  cik=0000009389 SIC 3411     16.0B run=34  q=13/13  rank=419
APA    APA Corp                   cik=0001841666 SIC 1311     15.4B run=22  q=13/13  rank=421
CHTR   CHARTER COMMUNICATIONS, IN cik=0001091667 SIC 4841     15.4B run=34  q=13/13  rank=434
SOLV   Solventum Corp             cik=0001964738 SIC 3841     15.1B run=10  q=10/13  rank=453
AKAM   AKAMAI TECHNOLOGIES INC    cik=0001086222 SIC 7389     15.2B run=29  q=13/13  rank=426
PTC    PTC INC.                   cik=0000857005 SIC 7372     14.9B run=42  q=13/13  rank=431
TYL    TYLER TECHNOLOGIES INC     cik=0000860731 SIC 7372     13.9B run=40  q=13/13  rank=454
MAS    MASCO CORP /DE/            cik=0000062996 SIC 3430     13.9B run=54  q=13/13  rank=446
TXT    TEXTRON INC                cik=0000217346 SIC 3720     13.8B run=55  q=13/13  rank=438
SWK    STANLEY BLACK & DECKER, IN cik=0000093556 SIC 3420     13.6B run=27  q=13/13  rank=443
TRMB   TRIMBLE INC.               cik=0000864749 SIC 3829     13.6B run=34  q=13/13  rank=441
SWKS   SKYWORKS SOLUTIONS, INC.   cik=0000004127 SIC 3674     13.5B run=48  q=13/13  rank=444
CRL    CHARLES RIVER LABORATORIES cik=0001100682 SIC 8731     13.4B run=42  q=13/13  rank=442
SJM    J M SMUCKER Co             cik=0000091419 SIC 2033     13.1B run=47  q=13/13  rank=447
MKC    MCCORMICK & CO INC         cik=0000063754 SIC 2090     13.1B run=24  q=13/13  rank=456
ALB    ALBEMARLE CORP             cik=0000915913 SIC 2821     13.4B run=49  q=13/13  rank=448
ALLE   Allegion plc               cik=0001579241 SIC 7381     12.9B run=38  q=13/13  rank=449
AVY    Avery Dennison Corp        cik=0000008818 SIC 2670     12.7B run=54  q=13/13  rank=452
LII    LENNOX INTERNATIONAL INC   cik=0001069202 SIC 3585     12.6B run=39  q=13/13  rank=465
HAS    HASBRO, INC.               cik=0000046080 SIC 3944     12.3B run=37  q=13/13  rank=457
GDDY   GoDaddy Inc.               cik=0001609711 SIC 7373     12.5B run=36  q=13/13  rank=458
GNRC   GENERAC HOLDINGS INC.      cik=0001474735 SIC 3621     12.5B run=51  q=13/13  rank=459
BAX    BAXTER INTERNATIONAL INC   cik=0000010456 SIC 3841     11.8B run=42  q=13/13  rank=462
CSGP   COSTAR GROUP, INC.         cik=0001057352 SIC 7389     11.9B run=61  q=13/13  rank=461
IT     GARTNER INC                cik=0000749251 SIC 8741     11.9B run=65  q=13/13  rank=463
PNW    PINNACLE WEST CAPITAL CORP cik=0000764622 SIC 4911     11.4B run=43  q=13/13  rank=464
TECH   BIO-TECHNE Corp            cik=0000842023 SIC 2836     11.4B run=76  q=13/13  rank=466
JKHY   JACK HENRY & ASSOCIATES IN cik=0000779152 SIC 7373     10.9B run=77  q=13/13  rank=468
HII    HUNTINGTON INGALLS INDUSTR cik=0001501585 SIC 3730     10.8B run=21  q=13/13  rank=471
DECK   DECKERS OUTDOOR CORP       cik=0000910521 SIC 3021     10.8B run=37  q=13/13  rank=473
AES    AES CORP                   cik=0000874761 SIC 4991     10.6B run=55  q=13/13  rank=472
COO    COOPER COMPANIES, INC.     cik=0000711404 SIC 3851     10.5B run=55  q=13/13  rank=470
LULU   lululemon athletica inc.   cik=0001397187 SIC 2300     10.5B run=55  q=13/13  rank=474
FDS    FACTSET RESEARCH SYSTEMS I cik=0001013237 SIC 7370     10.2B run=48  q=13/13  rank=477
CLX    CLOROX CO /DE/             cik=0000021076 SIC 2842     10.1B run=40  q=13/13  rank=476
saved tmp_verify/us7/us_r17.json
