SPY 기준일 18-Sep-2026 | 종목 행 504 | 기수집 369
478 BXP    BXP, Inc.                  SIC 6798    10.1B run=40 q=13/13 
479 UDR    UDR, Inc.                  SIC 6798    11.0B run=49 q=13/13 
480 CPT    CAMDEN PROPERTY TRUST      SIC 6798     9.9B run=63 q=13/13 
481 PODD   INSULET CORP               SIC 3841     9.7B run=45 q=13/13 
482 ALGN   ALIGN TECHNOLOGY INC       SIC 3842    10.4B run=53 q=13/13 
483 DPZ    DOMINOS PIZZA INC          SIC 5140     9.8B run=44 q=13/13 
484 BEN    FRANKLIN TEMPLETON INC     SIC 6282    16.8B run=24 q=13/13 
485 ROL    ROLLINS INC                SIC 7340    15.4B run=55 q=13/13 
486 APTV   Aptiv PLC                  SIC 3714     9.2B run=40 q=13/13 
487 UHS    UNIVERSAL HEALTH SERVICES  SIC 8062    10.6B run=64 q=13/13 
488 PNR    PENTAIR plc                SIC 3550     9.0B run=51 q=13/13 
489 FRT    FEDERAL REALTY INVESTMENT  SIC 6798     9.6B run=80 q=13/13 
490 ARE    ALEXANDRIA REAL ESTATE EQU SIC 6798     9.4B run=25 q=13/13 
491 HSIC   HENRY SCHEIN INC           SIC 5047     9.5B run=41 q=13/13 
492 MOS    MOSAIC CO                  SIC 2870     7.8B run=49 q=13/13 
493 FOX    Fox Corp                   SIC 4833    24.3B run=31 q=13/13 
494 MGM    MGM Resorts International  SIC 7011     9.5B run=29 q=13/13 
495 NCLH   Norwegian Cruise Line Hold SIC 4400     6.5B run=51 q=13/13 
496 AOS    SMITH A O CORP             SIC 3630     7.7B run=47 q=13/13 
497 DVA    DAVITA INC.                SIC 8090    11.8B run=41 q=13/13 
498 HRL    HORMEL FOODS CORP /DE/     SIC 2011    11.4B run=42 q=13/13 
499 ERIE   ERIE INDEMNITY CO          SIC 6411    11.0B run=22 q=13/13 
500 WYNN   WYNN RESORTS LTD           SIC 7011     8.4B run=54 q=13/13 
501 PSKY   Paramount Skydance Corp    SIC 4833    11.7B run=6 q=13/13 
502 BF.B   BROWN FORMAN CORP          SIC 2080    11.8B run=46 q=13/13 
503 NWS    NEWS CORP                  SIC 2711    17.7B run=53 q=13/13 
504 2602335D                            SIC None     0.0B run=None q=None CIK 미확인
saved
