[1] 기수집 중복: 0건
[2] CIK 불일치: [('EXE', '0000895126', '895126'), ('LUV', '0000092380', '92380'), ('LYB', '0001489393', '1489393'), ('STE', '0001757898', '1757898'), ('RL', '0001037038', '1037038'), ('BBY', '0000764478', '764478'), ('VTRS', '0001792044', '1792044'), ('NI', '0001111711', '1111711'), ('GIS', '0000040704', '40704'), ('AMCR', '0001748790', '1748790'), ('CF', '0001324404', '1324404'), ('SNA', '0000091440', '91440'), ('EFX', '0000033185', '33185'), ('BR', '0001383312', '1383312'), ('TSN', '0000100493', '100493'), ('LEN', '0000920760', '920760'), ('EVRG', '0001711269', '1711269'), ('FIS', '0001136893', '1136893'), ('IP', '0000051434', '51434'), ('CDW', '0001402057', '1402057'), ('ZBH', '0001136869', '1136869'), ('CHRW', '0001043277', '1043277'), ('GEN', '0000849399', '849399'), ('GPC', '0000040987', '40987'), ('DD', '0001666700', '1666700'), ('NDSN', '0000072331', '72331'), ('J', '0000052988', '52988'), ('LNT', '0000352541', '352541'), ('TSCO', '0000916365', '916365'), ('FTV', '0001659166', '1659166'), ('ZBRA', '0000877212', '877212'), ('IEX', '0000832101', '832101'), ('NVR', '0000906163', '906163'), ('NWSA', '0001564708', '1564708'), ('BALL', '0000009389', '9389'), ('RVTY', '0000031791', '31791'), ('APA', '0001841666', '1841666'), ('CHTR', '0001091667', '1091667'), ('AKAM', '0001086222', '1086222'), ('PTC', '0000857005', '857005'), ('TYL', '0000860731', '860731'), ('MAS', '0000062996', '62996'), ('TXT', '0000217346', '217346'), ('SWK', '0000093556', '93556'), ('TRMB', '0000864749', '864749'), ('SWKS', '0000004127', '4127'), ('CRL', '0001100682', '1100682'), ('ALB', '0000915913', '915913'), ('MKC', '0000063754', '63754'), ('SJM', '0000091419', '91419'), ('ALLE', '0001579241', '1579241'), ('AVY', '0000008818', '8818'), ('LII', '0001069202', '1069202'), ('GNRC', '0001474735', '1474735'), ('GDDY', '0001609711', '1609711'), ('HAS', '0000046080', '46080'), ('CSGP', '0001057352', '1057352'), ('IT', '0000749251', '749251'), ('BAX', '0000010456', '10456'), ('PNW', '0000764622', '764622'), ('TECH', '0000842023', '842023'), ('JKHY', '0000779152', '779152'), ('HII', '0001501585', '1501585'), ('DECK', '0000910521', '910521'), ('AES', '0000874761', '874761'), ('COO', '0000711404', '711404'), ('LULU', '0001397187', '1397187'), ('FDS', '0001013237', '1013237'), ('CLX', '0000021076', '21076')]
[3] 기업별 점검
  EXE   영업이익태그=True  창내분기=30/30 최신=2026-06-30 겹침=- 빠진분기=-
  LUV   영업이익태그=True  창내분기=30/30 최신=2026-06-30 겹침=- 빠진분기=-
  LYB   영업이익태그=True  창내분기=30/30 최신=2026-06-30 겹침=- 빠진분기=-
  STE   영업이익태그=True  창내분기=30/30 최신=2026-06-30 겹침=- 빠진분기=-
  RL    영업이익태그=True  창내분기=30/30 최신=2026-06-27 겹침=- 빠진분기=-
  BBY   영업이익태그=True  창내분기=30/30 최신=2026-08-01 겹침=- 빠진분기=-
  VTRS  영업이익태그=True  창내분기=27/30 최신=2026-06-30 겹침=- 빠진분기=['2019Q1', '2019Q2', '2019Q3']
  NI    영업이익태그=True  창내분기=30/30 최신=2026-06-30 겹침=- 빠진분기=-
  GIS   영업이익태그=True  창내분기=30/30 최신=2026-05-31 겹침=- 빠진분기=-
  AMCR  영업이익태그=True  창내분기=30/30 최신=2026-06-30 겹침=- 빠진분기=-
  CF    영업이익태그=True  창내분기=30/30 최신=2026-06-30 겹침=- 빠진분기=-
  SNA   영업이익태그=True  창내분기=30/30 최신=2026-07-04 겹침=- 빠진분기=-
  EFX   영업이익태그=True  창내분기=30/30 최신=2026-06-30 겹침=- 빠진분기=-
  BR    영업이익태그=True  창내분기=30/30 최신=2026-06-30 겹침=- 빠진분기=-
  TSN   영업이익태그=True  창내분기=30/30 최신=2026-06-27 겹침=- 빠진분기=-
  LEN   영업이익태그=True  창내분기=30/30 최신=2026-05-31 겹침=- 빠진분기=-
  EVRG  영업이익태그=True  창내분기=30/30 최신=2026-06-30 겹침=- 빠진분기=-
  FIS   영업이익태그=True  창내분기=30/30 최신=2026-06-30 겹침=- 빠진분기=-
  IP    영업이익태그=True  창내분기=30/30 최신=2026-06-30 겹침=- 빠진분기=-
  CDW   영업이익태그=True  창내분기=30/30 최신=2026-06-30 겹침=- 빠진분기=-
  ZBH   영업이익태그=True  창내분기=30/30 최신=2026-06-30 겹침=- 빠진분기=-
  CHRW  영업이익태그=True  창내분기=30/30 최신=2026-06-30 겹침=- 빠진분기=-
  GEN   영업이익태그=True  창내분기=30/30 최신=2026-07-03 겹침=- 빠진분기=-
  GPC   영업이익태그=True  창내분기=31/30 최신=2026-06-30 겹침=['2019Q2'] 빠진분기=-
  DD    영업이익태그=False 창내분기=30/30 최신=2026-06-30 겹침=- 빠진분기=-
  NDSN  영업이익태그=True  창내분기=30/30 최신=2026-07-31 겹침=- 빠진분기=-
  J     영업이익태그=True  창내분기=30/30 최신=2026-06-26 겹침=- 빠진분기=-
  LNT   영업이익태그=True  창내분기=30/30 최신=2026-06-30 겹침=- 빠진분기=-
  TSCO  영업이익태그=True  창내분기=30/30 최신=2026-06-27 겹침=- 빠진분기=-
  FTV   영업이익태그=True  창내분기=30/30 최신=2026-07-03 겹침=- 빠진분기=-
  ZBRA  영업이익태그=True  창내분기=30/30 최신=2026-07-04 겹침=- 빠진분기=-
  IEX   영업이익태그=True  창내분기=30/30 최신=2026-06-30 겹침=- 빠진분기=-
  NVR   영업이익태그=False 창내분기=30/30 최신=2026-06-30 겹침=- 빠진분기=-
  NWSA  영업이익태그=False 창내분기=30/30 최신=2026-06-30 겹침=- 빠진분기=-
  BALL  영업이익태그=True  창내분기=30/30 최신=2026-06-30 겹침=- 빠진분기=-
  RVTY  영업이익태그=True  창내분기=30/30 최신=2026-07-05 겹침=- 빠진분기=-
  APA   영업이익태그=True  창내분기=22/30 최신=2026-06-30 겹침=- 빠진분기=8개
  CHTR  영업이익태그=True  창내분기=30/30 최신=2026-06-30 겹침=- 빠진분기=-
  AKAM  영업이익태그=True  창내분기=30/30 최신=2026-06-30 겹침=- 빠진분기=-
  PTC   영업이익태그=True  창내분기=30/30 최신=2026-06-30 겹침=- 빠진분기=-
  TYL   영업이익태그=True  창내분기=30/30 최신=2026-06-30 겹침=- 빠진분기=-
  MAS   영업이익태그=True  창내분기=30/30 최신=2026-06-30 겹침=- 빠진분기=-
  TXT   영업이익태그=True  창내분기=30/30 최신=2026-07-04 겹침=- 빠진분기=-
  SWK   영업이익태그=True  창내분기=30/30 최신=2026-07-04 겹침=- 빠진분기=-
  TRMB  영업이익태그=True  창내분기=30/30 최신=2026-07-03 겹침=- 빠진분기=-
  SWKS  영업이익태그=True  창내분기=30/30 최신=2026-07-03 겹침=- 빠진분기=-
  CRL   영업이익태그=True  창내분기=30/30 최신=2026-06-27 겹침=- 빠진분기=-
  ALB   영업이익태그=True  창내분기=30/30 최신=2026-06-30 겹침=- 빠진분기=-
  MKC   영업이익태그=True  창내분기=30/30 최신=2026-05-31 겹침=- 빠진분기=-
  SJM   영업이익태그=True  창내분기=30/30 최신=2026-07-31 겹침=- 빠진분기=-
  ALLE  영업이익태그=True  창내분기=30/30 최신=2026-06-30 겹침=- 빠진분기=-
  AVY   영업이익태그=False 창내분기=30/30 최신=2026-06-30 겹침=- 빠진분기=-
  LII   영업이익태그=True  창내분기=30/30 최신=2026-06-30 겹침=- 빠진분기=-
  GNRC  영업이익태그=True  창내분기=30/30 최신=2026-06-30 겹침=- 빠진분기=-
  GDDY  영업이익태그=True  창내분기=30/30 최신=2026-06-30 겹침=- 빠진분기=-
  HAS   영업이익태그=True  창내분기=30/30 최신=2026-06-28 겹침=- 빠진분기=-
  CSGP  영업이익태그=True  창내분기=30/30 최신=2026-06-30 겹침=- 빠진분기=-
  IT    영업이익태그=True  창내분기=30/30 최신=2026-06-30 겹침=- 빠진분기=-
  BAX   영업이익태그=True  창내분기=30/30 최신=2026-06-30 겹침=- 빠진분기=-
  PNW   영업이익태그=True  창내분기=30/30 최신=2026-06-30 겹침=- 빠진분기=-
  TECH  영업이익태그=True  창내분기=30/30 최신=2026-06-30 겹침=- 빠진분기=-
  JKHY  영업이익태그=True  창내분기=30/30 최신=2026-06-30 겹침=- 빠진분기=-
  HII   영업이익태그=True  창내분기=30/30 최신=2026-06-30 겹침=- 빠진분기=-
  DECK  영업이익태그=True  창내분기=30/30 최신=2026-06-30 겹침=- 빠진분기=-
  AES   영업이익태그=False 창내분기=30/30 최신=2026-06-30 겹침=- 빠진분기=-
  COO   영업이익태그=True  창내분기=30/30 최신=2026-07-31 겹침=- 빠진분기=-
  LULU  영업이익태그=True  창내분기=30/30 최신=2026-08-02 겹침=- 빠진분기=-
  FDS   영업이익태그=True  창내분기=30/30 최신=2026-05-31 겹침=- 빠진분기=-
  CLX   영업이익태그=False 창내분기=30/30 최신=2026-06-30 겹침=- 빠진분기=-
[4] 영업이익 태그 없음: [('DD', '0001666700'), ('NVR', '0000906163'), ('NWSA', '0001564708'), ('AVY', '0000008818'), ('AES', '0000874761'), ('CLX', '0000021076')]
[5] 라벨 겹침: [('GPC', ['2019Q2'])]
saved tmp_verify/us7/top17.json
