CCL | {'공시': 139, '계산(부채및자본-총자본)': 30, '공시(비지배 없음)': 28, 'API': 30, '공시(표지 기준일)': 30, '계산(종가×주식수)': 30, '계산(누적차감)': 22, '계산(연간-3분기누적)': 21} | 검증실패 없음 | 라벨중복 없음 | 정정판본 ['2019Q4'] | 4s
라벨 보완: CIK 0001555280, 겹치던 라벨 1개 → 순차 배정
ZTS | {'공시': 158, '미확인': 44, '공시(비지배 없음)': 4, 'API': 30, '공시(표지 기준일)': 30, '계산(종가×주식수)': 30, '데이터 없음(직전 보고서 없음)': 1, '계산(연간-3분기누적)': 14, '계산(누적차감)': 19} | 검증실패 [('2019Q2', '자산=부채+자본'), ('2019Q3', '자산=부채+자본')] | 라벨중복 없음 | 정정판본 없음 | 5s
MLM | {'공시': 197, 'API': 30, '공시(표지 기준일)': 30, '계산(종가×주식수)': 30, '계산(누적차감)': 22, '계산(연간-3분기누적)': 21} | 검증실패 없음 | 라벨중복 없음 | 정정판본 없음 | 3s
GEHC | {'미확인': 173, 'API': 15, '공시(표지 기준일)': 15, '계산(종가×주식수)': 15, '공시': 93, '계산(누적차감)': 10, '계산(연간-3분기누적)': 9} | 검증실패 [('2022Q4', '자산=부채+자본')] | 라벨중복 없음 | 정정판본 없음 | 4s
KHC | {'공시': 197, 'API': 30, '공시(표지 기준일)': 30, '계산(종가×주식수)': 30, '계산(누적차감)': 22, '계산(연간-3분기누적)': 21} | 검증실패 없음 | 라벨중복 없음 | 정정판본 없음 | 3s
CTSH | {'공시': 167, '공시(비지배 없음)': 30, 'API': 30, '공시(표지 기준일)': 30, '계산(종가×주식수)': 30, '계산(누적차감)': 22, '계산(연간-3분기누적)': 21} | 검증실패 없음 | 라벨중복 없음 | 정정판본 없음 | 5s
AEE | {'공시': 144, '계산(연결-비지배)': 23, '계산(부채및자본-총자본)': 30, 'API': 30, '공시(표지 기준일)': 30, '계산(종가×주식수)': 30, '계산(누적차감)': 22, '미확인': 1, '계산(연간-3분기누적)': 13, '계산(연간(연결-비지배)-3분기누적)': 7} | 검증실패 없음 | 라벨중복 없음 | 정정판본 없음 | 6s
HAL | {'공시': 197, 'API': 30, '공시(표지 기준일)': 30, '계산(종가×주식수)': 30, '계산(누적차감)': 22, '계산(연간-3분기누적)': 21} | 검증실패 없음 | 라벨중복 없음 | 정정판본 없음 | 4s
TDY | {'공시': 170, 'API': 30, '공시(표지 기준일)': 30, '계산(종가×주식수)': 30, '계산(누적차감)': 22, '계산(연간-3분기누적)': 21, '공시(비지배 없음)': 27} | 검증실패 없음 | 라벨중복 없음 | 정정판본 없음 | 3s
MTD | {'공시': 144, '미확인': 38, '공시(비지배 없음)': 30, 'API': 30, '공시(표지 기준일)': 26, '계산(종가×주식수)': 26, '계산(누적차감)': 22, '계산(연간-3분기누적)': 14} | 검증실패 없음 | 라벨중복 없음 | 정정판본 없음 | 7s
IR | {'공시': 193, '공시(비지배 없음)': 4, 'API': 30, '공시(표지 기준일)': 30, '계산(종가×주식수)': 30, '계산(누적차감)': 22, '계산(연간-3분기누적)': 21} | 검증실패 없음 | 라벨중복 없음 | 정정판본 없음 | 3s
VRSN | {'공시': 167, '공시(비지배 없음)': 30, 'API': 30, '공시(표지 기준일)': 30, '계산(종가×주식수)': 30, '계산(누적차감)': 22, '계산(연간-3분기누적)': 14, '계산(연간-3분기누적, 비지배 없음)': 7} | 검증실패 없음 | 라벨중복 없음 | 정정판본 없음 | 3s
ON | {'공시': 197, 'API': 30, '공시(표지 기준일)': 30, '계산(종가×주식수)': 30, '계산(누적차감)': 22, '계산(연간-3분기누적)': 21} | 검증실패 없음 | 라벨중복 없음 | 정정판본 없음 | 3s
DGX | {'공시': 167, '계산(부채및자본-총자본)': 30, 'API': 30, '공시(표지 기준일)': 30, '계산(종가×주식수)': 30, '계산(누적차감)': 22, '계산(연간-3분기누적)': 21} | 검증실패 없음 | 라벨중복 없음 | 정정판본 없음 | 3s
ECHO | {'공시': 177, '공시(비지배 없음)': 11, 'API': 30, '공시(표지 기준일)': 30, '계산(종가×주식수)': 30, '계산(누적차감)': 22, '계산(연결-비지배)': 9, '계산(연간-3분기누적)': 14, '계산(연간-3분기누적, 비지배 없음)': 4, '계산(연간(연결-비지배)-3분기누적)': 3} | 검증실패 없음 | 라벨중복 없음 | 정정판본 ['2025Q4'] | 36s
라벨 보완: CIK 0000900075, 최신 라벨 2026Q1가 창 끝(2026Q2)보다 앞섬 → 순차 배정
CPRT | {'공시': 169, '계산(누적차감)': 23, 'API': 30, '공시(표지 기준일)': 30, '계산(종가×주식수)': 30, '계산(연간-3분기누적)': 20, '공시(비지배 없음)': 27, '계산(연간-3분기누적, 비지배 없음)': 1} | 검증실패 없음 | 라벨중복 없음 | 정정판본 없음 | 3s
ATO | {'공시': 136, '계산(누적차감)': 23, '계산(부채및자본-총자본)': 30, '공시(비지배 없음)': 30, 'API': 30, '공시(표지 기준일)': 30, '계산(종가×주식수)': 30, '계산(연간-3분기누적)': 21} | 검증실패 없음 | 라벨중복 없음 | 정정판본 없음 | 3s
FOXA | {'공시': 119, '미확인': 30, '계산(연결-비지배)': 22, '계산(누적차감)': 23, '계산(부채및자본-총자본)': 30, 'API': 30, '공시(표지 기준일)': 30, '계산(종가×주식수)': 30, '계산(연간-3분기누적)': 8, '계산(연간(연결-비지배)-3분기누적)': 8} | 검증실패 없음 | 라벨중복 없음 | 정정판본 없음 | 31s
AWK | {'공시': 137, '계산(부채및자본-총자본)': 30, '공시(비지배 없음)': 30, 'API': 30, '공시(표지 기준일)': 30, '계산(종가×주식수)': 30, '계산(누적차감)': 22, '계산(연간-3분기누적)': 21} | 검증실패 없음 | 라벨중복 없음 | 정정판본 없음 | 3s
DG | {'공시': 143, '계산(부채및자본-총자본)': 24, '공시(비지배 없음)': 30, 'API': 30, '공시(표지 기준일)': 30, '계산(종가×주식수)': 30, '계산(누적차감)': 22, '계산(연간-3분기누적)': 21} | 검증실패 없음 | 라벨중복 없음 | 정정판본 없음 | 3s
rows: 6600 | 빈 값: 0 | 빈 출처: 0
