ORCL | {'공시': 163, '계산(누적차감)': 23, '계산(부채및자본-총자본)': 30, 'API': 30, '공시(표지 기준일)': 30, '계산(종가×주식수)': 30, '계산(연간-3분기누적)': 24} | 검증실패 없음 | 라벨중복 없음 | 정정판본 없음 | 3s
CVX | {'공시': 174, '미확인': 30, 'API': 30, '공시(표지 기준일)': 30, '계산(종가×주식수)': 30, '계산(누적차감)': 22, '계산(연간-3분기누적)': 14} | 검증실패 없음 | 라벨중복 없음 | 정정판본 ['2022Q1'] | 4s
라벨 보완: CIK 0000909832, 겹치던 라벨 9개 → 순차 배정
COST | {'공시': 190, '계산(누적차감)': 23, 'API': 30, '공시(표지 기준일)': 30, '계산(종가×주식수)': 30, '계산(연간-3분기누적)': 21, '공시(비지배 없음)': 6} | 검증실패 없음 | 라벨중복 없음 | 정정판본 없음 | 4s
KO | {'공시': 167, '계산(부채및자본-총자본)': 30, 'API': 30, '공시(표지 기준일)': 30, '계산(종가×주식수)': 30, '계산(누적차감)': 22, '계산(연간-3분기누적)': 21} | 검증실패 없음 | 라벨중복 없음 | 정정판본 ['2024Q1'] | 5s
CAT | {'공시': 144, '계산(연결-비지배)': 23, '계산(총자본-비지배)': 30, 'API': 30, '공시(표지 기준일)': 30, '계산(종가×주식수)': 30, '계산(누적차감)': 22, '계산(연간-3분기누적)': 14, '계산(연간(연결-비지배)-3분기누적)': 7} | 검증실패 없음 | 라벨중복 없음 | 정정판본 없음 | 4s
MRK | {'공시': 144, '미확인': 30, '계산(부채및자본-총자본)': 30, 'API': 30, '공시(표지 기준일)': 30, '계산(종가×주식수)': 30, '계산(누적차감)': 22, '계산(연간-3분기누적)': 14} | 검증실패 없음 | 라벨중복 없음 | 정정판본 ['2023Q4'] | 5s
DELL | {'공시': 197, 'API': 30, '공시(표지 기준일)': 30, '계산(종가×주식수)': 30, '계산(누적차감)': 22, '계산(연간-3분기누적)': 21} | 검증실패 없음 | 라벨중복 없음 | 정정판본 없음 | 26s
LRCX | {'공시': 163, '계산(누적차감)': 23, '공시(비지배 없음)': 30, 'API': 30, '공시(표지 기준일)': 30, '계산(종가×주식수)': 30, '계산(연간-3분기누적)': 24} | 검증실패 없음 | 라벨중복 없음 | 정정판본 없음 | 4s
AMAT | {'공시': 166, '계산(누적차감)': 23, '공시(비지배 없음)': 30, 'API': 30, '공시(표지 기준일)': 30, '계산(종가×주식수)': 30, '계산(연간-3분기누적)': 21} | 검증실패 없음 | 라벨중복 없음 | 정정판본 없음 | 4s
PG | {'공시': 159, '계산(누적차감)': 23, '계산(총자본-비지배)': 30, 'API': 30, '공시(표지 기준일)': 30, '계산(종가×주식수)': 30, '계산(연간-3분기누적)': 23, '계산(연결-비지배)': 4, '계산(연간(연결-비지배)-3분기누적)': 1} | 검증실패 없음 | 라벨중복 없음 | 정정판본 ['2020Q2'] | 5s
GE | {'공시': 174, '미확인': 30, 'API': 30, '공시(표지 기준일)': 30, '계산(종가×주식수)': 30, '계산(누적차감)': 22, '계산(연간-3분기누적)': 14} | 검증실패 없음 | 라벨중복 없음 | 정정판본 없음 | 4s
HD | {'공시': 167, '공시(비지배 없음)': 30, 'API': 30, '공시(표지 기준일)': 30, '계산(종가×주식수)': 30, '계산(누적차감)': 22, '계산(연간-3분기누적)': 21} | 검증실패 없음 | 라벨중복 없음 | 정정판본 없음 | 4s
NFLX | {'공시': 167, '공시(비지배 없음)': 30, 'API': 30, '공시(표지 기준일)': 30, '계산(종가×주식수)': 30, '계산(누적차감)': 22, '계산(연간-3분기누적)': 21} | 검증실패 없음 | 라벨중복 없음 | 정정판본 없음 | 5s
PANW | {'공시': 171, '계산(누적차감)': 23, '계산(부채및자본-총자본)': 13, 'API': 30, '공시(표지 기준일)': 30, '계산(종가×주식수)': 30, '계산(연간-3분기누적)': 24, '공시(비지배 없음)': 9} | 검증실패 없음 | 라벨중복 없음 | 정정판본 없음 | 4s
PM | {'공시': 197, 'API': 30, '공시(표지 기준일)': 30, '계산(종가×주식수)': 30, '계산(누적차감)': 22, '계산(연간-3분기누적)': 21} | 검증실패 없음 | 라벨중복 없음 | 정정판본 없음 | 4s
RTX | {'공시': 196, 'API': 30, '공시(표지 기준일)': 30, '계산(종가×주식수)': 30, '계산(누적차감)': 22, '계산(연간-3분기누적)': 21, '계산(부채및자본-총자본)': 1} | 검증실패 없음 | 라벨중복 없음 | 정정판본 없음 | 4s
ANET | {'공시': 167, '공시(비지배 없음)': 30, 'API': 30, '공시(표지 기준일)': 30, '계산(종가×주식수)': 30, '계산(누적차감)': 22, '계산(연간-3분기누적)': 21} | 검증실패 없음 | 라벨중복 없음 | 정정판본 없음 | 4s
TXN | {'공시': 167, '공시(비지배 없음)': 30, 'API': 30, '공시(표지 기준일)': 30, '계산(종가×주식수)': 30, '계산(누적차감)': 22, '계산(연간-3분기누적)': 21} | 검증실패 없음 | 라벨중복 없음 | 정정판본 없음 | 3s
CRWD | {'공시': 194, '공시(비지배 없음)': 3, '데이터 없음(상장 전)': 3, '계산(누적차감)': 22, 'API': 29, '공시(표지 기준일)': 29, '계산(종가×주식수)': 29, '계산(연간-3분기누적)': 20, '계산(연간-3분기누적, 비지배 없음)': 1} | 검증실패 없음 | 라벨중복 없음 | 정정판본 없음 | 18s
TMO | {'공시': 137, '공시(보통주 귀속)': 9, '계산(부채및자본-총자본)': 30, '공시(비지배 없음)': 11, 'API': 30, '공시(표지 기준일)': 30, '계산(종가×주식수)': 30, '계산(누적차감)': 22, '계산(연간-3분기누적)': 15, '계산(연간-3분기누적, 보통주 귀속)': 2, '미확인': 1, '계산(연결-비지배)': 10, '계산(연간(연결-비지배)-3분기누적)': 3} | 검증실패 없음 | 라벨중복 없음 | 정정판본 없음 | 4s
rows: 6600 | 빈 값: 0 | 빈 출처: 0
