== 17
Southwest Airlines | 2025Q4 | 분기별 당기순이익(지배) | O
Southwest Airlines | 2020Q2 | 분기말 부채총계 | O
SEC 원문 대조: 일치 12 | 불일치 0 | 조회실패 0 | 전체 12
== 18
Best Buy | 2025Q4 | 분기별 당기순이익(지배) | O
Viatris | 2025Q3 | 분기별 영업활동현금흐름 | O
SEC 원문 대조: 일치 6 | 불일치 0 | 조회실패 0 | 전체 6
== 19
CF Industries | 2021Q3 | 분기별 영업활동현금흐름 | O
Tyson Foods | 2020Q2 | 분기별 영업활동현금흐름 | O
SEC 원문 대조: 일치 3 | 불일치 0 | 조회실패 0 | 전체 3
== 20
International Paper | 2021Q4 | 분기별 매출액 | O
International Paper | 2025Q1 | 분기말 부채총계 | O
SEC 원문 대조: 일치 8 | 불일치 0 | 조회실패 0 | 전체 8
== 21
Genuine Parts | 2019Q2 | 분기별 영업활동현금흐름 | O
Genuine Parts | 2020Q3 | 분기별 영업활동현금흐름 | O
SEC 원문 대조: 일치 7 | 불일치 0 | 조회실패 0 | 전체 7
== 22
Tractor Supply | 2024Q4 | 분기별 영업활동현금흐름 | O
Tractor Supply | 2026Q2 | 분기별 영업활동현금흐름 | O
SEC 원문 대조: 일치 22 | 불일치 0 | 조회실패 0 | 전체 22
== 23
Zebra Technologies | 2019Q2 | 분기별 영업활동현금흐름 | O
Zebra Technologies | 2022Q4 | 분기별 영업활동현금흐름 | O
SEC 원문 대조: 일치 9 | 불일치 0 | 조회실패 0 | 전체 9
== 24
PTC | 2021Q3 | 분기별 당기순이익(지배) | O
Revvity | 2020Q4 | 분기별 매출액 | O
SEC 원문 대조: 일치 7 | 불일치 0 | 조회실패 0 | 전체 7
== 25
Tyler Technologies | 2021Q1 | 분기말 부채총계 | O
Tyler Technologies | 2021Q2 | 분기말 부채총계 | O
SEC 원문 대조: 일치 14 | 불일치 0 | 조회실패 0 | 전체 14
== 26
McCormick | 2020Q2 | 분기별 영업활동현금흐름 | O
McCormick | 2026Q2 | 분기별 영업활동현금흐름 | O
SEC 원문 대조: 일치 9 | 불일치 0 | 조회실패 0 | 전체 9
== 27
Avery Dennison | 2021Q3 | 분기말 부채총계 | O
GoDaddy | 2023Q4 | 분기별 당기순이익(지배) | O
SEC 원문 대조: 일치 2 | 불일치 0 | 조회실패 0 | 전체 2
== 28
Hasbro | 2025Q2 | 분기말 지배지분 자본 | O
Pinnacle West | 2024Q3 | 분기별 영업활동현금흐름 | O
SEC 원문 대조: 일치 14 | 불일치 0 | 조회실패 0 | 전체 14
== 29
Jack Henry | 2020Q2 | 분기별 영업활동현금흐름 | O
Jack Henry | 2025Q2 | 분기별 영업활동현금흐름 | O
SEC 원문 대조: 일치 8 | 불일치 0 | 조회실패 0 | 전체 8
== 30
FactSet | 2024Q3 | 분기별 당기순이익(지배) | O
lululemon | 2022Q4 | 분기별 영업활동현금흐름 | O
SEC 원문 대조: 일치 6 | 불일치 0 | 조회실패 0 | 전체 6
