라운드  1 | 행 3300/3300 | 값·출처 변경 0 | 비고만 변경 0 | 원본만 0 | 재생성만 0
라운드  2 | 행 3300/3300 | 값·출처 변경 0 | 비고만 변경 0 | 원본만 0 | 재생성만 0
라운드  3 | 행 6600/6600 | 값·출처 변경 1 | 비고만 변경 0 | 원본만 0 | 재생성만 0
   ! ('Oracle', 'ORCL', '2023Q4', '분기말 부채총계')
     값: '128142000000' -> '129946000000'
     값구분: '계산(부채및자본-총자본)(재작성 반영)' -> '계산(부채및자본-총자본)'
라운드  4 | 행 6600/6600 | 값·출처 변경 0 | 비고만 변경 0 | 원본만 0 | 재생성만 0
라운드  5 | 행 6600/6600 | 값·출처 변경 10 | 비고만 변경 0 | 원본만 0 | 재생성만 0
   ! ('Boeing', 'BA', '2019Q4', '분기말 부채총계')
     값: '142087000000' -> '141925000000'
     값구분: '계산(부채및자본-총자본)(재작성 반영)' -> '계산(부채및자본-총자본)'
   ! ('Western Digital', 'WDC', '2022Q3', '분기말 지배지분 자본')
     값: '12222000000' -> '12107000000'
     값구분: '공시(재작성 반영)' -> '공시'
     출처: 'https://www.sec.gov/Archives/edgar/data/106040/000010604024000022/' -> 'https://www.sec.gov/Archives/edgar/data/106040/000010604022000065/'
   ! ('Fortinet', 'FTNT', '2019Q3', '분기말 지배지분 자본')
     값: '1217900000' -> '1200400000'
     값구분: '공시(재작성 반영)' -> '공시'
     출처: 'https://www.sec.gov/Archives/edgar/data/1262039/000126203920000067/' -> 'https://www.sec.gov/Archives/edgar/data/1262039/000126203919000033/'
   ! ('Fortinet', 'FTNT', '2020Q1', '분기말 지배지분 자본')
     값: '557400000' -> '536300000'
     값구분: '공시(재작성 반영)' -> '공시'
     출처: 'https://www.sec.gov/Archives/edgar/data/1262039/000126203921000022/' -> 'https://www.sec.gov/Archives/edgar/data/1262039/000126203920000032/'
   ! ('Western Digital', 'WDC', '2023Q1', '분기말 지배지분 자본')
     값: '11741000000' -> '11611000000'
     값구분: '공시(재작성 반영)' -> '공시'
     출처: 'https://www.sec.gov/Archives/edgar/data/106040/000010604024000022/' -> 'https://www.sec.gov/Archives/edgar/data/106040/000010604023000017/'
   ! ('Fortinet', 'FTNT', '2019Q2', '분기말 지배지분 자본')
     값: '1139400000' -> '1122300000'
     값구분: '공시(재작성 반영)' -> '공시'
     출처: 'https://www.sec.gov/Archives/edgar/data/1262039/000126203920000067/' -> 'https://www.sec.gov/Archives/edgar/data/1262039/000126203919000023/'
   ! ('Western Digital', 'WDC', '2023Q3', '분기말 지배지분 자본')
     값: '10230000000' -> '10113000000'
     값구분: '공시(재작성 반영)' -> '공시'
     출처: 'https://www.sec.gov/Archives/edgar/data/106040/000010604025000026/' -> 'https://www.sec.gov/Archives/edgar/data/106040/000010604023000034/'
   ! ('Fortinet', 'FTNT', '2020Q2', '분기말 지배지분 자본')
     값: '566700000' -> '543900000'
     값구분: '공시(재작성 반영)' -> '공시'
     출처: 'https://www.sec.gov/Archives/edgar/data/1262039/000126203921000022/' -> 'https://www.sec.gov/Archives/edgar/data/1262039/000126203920000053/'
   ! ('Western Digital', 'WDC', '2022Q2', '분기말 지배지분 자본')
     값: '12323000000' -> '12221000000'
     값구분: '공시(재작성 반영)' -> '공시'
     출처: 'https://www.sec.gov/Archives/edgar/data/106040/000010604025000038/' -> 'https://www.sec.gov/Archives/edgar/data/106040/000010604022000055/'
   ! ('Western Digital', 'WDC', '2022Q4', '분기말 지배지분 자본')
     값: '12245000000' -> '12115000000'
     값구분: '공시(재작성 반영)' -> '공시'
     출처: 'https://www.sec.gov/Archives/edgar/data/106040/000010604024000022/' -> 'https://www.sec.gov/Archives/edgar/data/106040/000010604023000010/'
라운드  6 | 행 6600/6600 | 값·출처 변경 0 | 비고만 변경 0 | 원본만 0 | 재생성만 0
라운드  7 | 행 6600/6600 | 값·출처 변경 2 | 비고만 변경 0 | 원본만 0 | 재생성만 0
   ! ('CSX', 'CSX', '2023Q4', '분기말 지배지분 자본')
     값: '11980000000' -> '12128000000'
     값구분: '계산(총자본-비지배)(재작성 반영)' -> '계산(총자본-비지배)'
     출처: 'https://www.sec.gov/Archives/edgar/data/277948/000027794826000006/' -> 'https://www.sec.gov/Archives/edgar/data/277948/000027794824000010/'
   ! ('CSX', 'CSX', '2021Q4', '분기말 지배지분 자본')
     값: '13441000000' -> '13490000000'
     값구분: '계산(총자본-비지배)(재작성 반영)' -> '계산(총자본-비지배)'
     출처: 'https://www.sec.gov/Archives/edgar/data/277948/000027794825000008/' -> 'https://www.sec.gov/Archives/edgar/data/277948/000027794822000009/'
라운드  8 | 행 6600/6600 | 값·출처 변경 1 | 비고만 변경 0 | 원본만 0 | 재생성만 0
   ! ('Cummins', 'CMI', '2021Q4', '분기말 지배지분 자본')
     값: '8146000000' -> '8474000000'
     값구분: '공시(재작성 반영)' -> '공시'
     출처: 'https://www.sec.gov/Archives/edgar/data/26172/000002617223000005/' -> 'https://www.sec.gov/Archives/edgar/data/26172/000002617222000008/'
라운드  9 | 행 6600/6600 | 값·출처 변경 5 | 비고만 변경 0 | 원본만 0 | 재생성만 0
   ! ('Moderna', 'MRNA', '2019Q2', '분기말 지배지분 자본')
     값: '1334960000' -> '1338554000'
     값구분: '공시(재작성 반영)' -> '공시'
     출처: 'https://www.sec.gov/Archives/edgar/data/1682852/000168285220000023/' -> 'https://www.sec.gov/Archives/edgar/data/1682852/000168285219000031/'
   ! ('Moderna', 'MRNA', '2019Q1', '분기말 지배지분 자본')
     값: '1442325000' -> '1446033000'
     값구분: '공시(재작성 반영)' -> '공시'
     출처: 'https://www.sec.gov/Archives/edgar/data/1682852/000168285220000017/' -> 'https://www.sec.gov/Archives/edgar/data/1682852/000168285219000023/'
   ! ('Republic Services', 'RSG', '2021Q4', '분기말 부채총계')
     값: '15977000000' -> '15975300000'
     값구분: '계산(부채및자본-총자본)(재작성 반영)' -> '계산(부채및자본-총자본)'
   ! ('Moderna', 'MRNA', '2019Q3', '분기말 지배지분 자본')
     값: '1248192000' -> '1251807000'
     값구분: '공시(재작성 반영)' -> '공시'
     출처: 'https://www.sec.gov/Archives/edgar/data/1682852/000168285220000023/' -> 'https://www.sec.gov/Archives/edgar/data/1682852/000168285219000036/'
   ! ('PACCAR', 'PCAR', '2020Q4', '분기말 지배지분 자본')
     값: '10533300000' -> '10390000000'
     값구분: '공시(재작성 반영)' -> '공시'
     출처: 'https://www.sec.gov/Archives/edgar/data/75362/000156459023002203/' -> 'https://www.sec.gov/Archives/edgar/data/75362/000156459021006370/'
라운드 10 | 행 6600/6600 | 값·출처 변경 0 | 비고만 변경 0 | 원본만 0 | 재생성만 0
라운드 11 | 행 6600/6600 | 값·출처 변경 3 | 비고만 변경 0 | 원본만 0 | 재생성만 0
   ! ('eBay', 'EBAY', '2025Q2', '분기말 지배지분 자본')
     값: '4624000000' -> '4749000000'
     값구분: '공시(재작성 반영)' -> '공시'
     출처: 'https://www.sec.gov/Archives/edgar/data/1065088/000106508826000177/' -> 'https://www.sec.gov/Archives/edgar/data/1065088/000106508825000077/'
   ! ('eBay', 'EBAY', '2024Q2', '분기말 지배지분 자본')
     값: '5509000000' -> '5525000000'
     값구분: '공시(재작성 반영)' -> '공시'
     출처: 'https://www.sec.gov/Archives/edgar/data/1065088/000106508825000077/' -> 'https://www.sec.gov/Archives/edgar/data/1065088/000106508824000145/'
   ! ('eBay', 'EBAY', '2025Q1', '분기말 지배지분 자본')
     값: '4829000000' -> '4950000000'
     값구분: '공시(재작성 반영)' -> '공시'
     출처: 'https://www.sec.gov/Archives/edgar/data/1065088/000106508826000093/' -> 'https://www.sec.gov/Archives/edgar/data/1065088/000106508825000064/'
라운드 12 | 행 6600/6600 | 값·출처 변경 12 | 비고만 변경 0 | 원본만 0 | 재생성만 0
   ! ('Live Nation Entertainment', 'LYV', '2021Q4', '분기말 부채총계')
     값: '14042911000' -> '14038851000'
     값구분: '계산(부채및자본-총자본)(재작성 반영)' -> '계산(부채및자본-총자본)'
   ! ('Live Nation Entertainment', 'LYV', '2023Q3', '분기말 부채총계')
     값: '17452787000' -> '17439836000'
     값구분: '계산(부채및자본-총자본)(재작성 반영)' -> '계산(부채및자본-총자본)'
   ! ('Axon Enterprise', 'AXON', '2022Q4', '분기말 지배지분 자본')
     값: '1270666000' -> '1268491000'
     값구분: '공시(재작성 반영)' -> '공시'
     출처: 'https://www.sec.gov/Archives/edgar/data/1069183/000162828026011360/' -> 'https://www.sec.gov/Archives/edgar/data/1069183/000155837023002413/'
   ! ('Live Nation Entertainment', 'LYV', '2024Q1', '분기말 부채총계')
     값: '18620351000' -> '18577452000'
     값구분: '계산(부채및자본-총자본)(재작성 반영)' -> '계산(부채및자본-총자본)'
   ! ('Axon Enterprise', 'AXON', '2023Q3', '분기말 지배지분 자본')
     값: '1525058000' -> '1521117000'
     값구분: '공시(재작성 반영)' -> '공시'
     출처: 'https://www.sec.gov/Archives/edgar/data/1069183/000106918324000061/' -> 'https://www.sec.gov/Archives/edgar/data/1069183/000155837023018023/'
   ! ('Live Nation Entertainment', 'LYV', '2023Q2', '분기말 부채총계')
     값: '18851078000' -> '18800142000'
     값구분: '계산(부채및자본-총자본)(재작성 반영)' -> '계산(부채및자본-총자본)'
   ! ('Axon Enterprise', 'AXON', '2024Q2', '분기말 지배지분 자본')
     값: '1933381000' -> '1928840000'
     값구분: '공시(재작성 반영)' -> '공시'
     출처: 'https://www.sec.gov/Archives/edgar/data/1069183/000162828025049143/' -> 'https://www.sec.gov/Archives/edgar/data/1069183/000106918324000049/'
   ! ('Axon Enterprise', 'AXON', '2023Q1', '분기말 지배지분 자본')
     값: '1405930000' -> '1402995000'
     값구분: '공시(재작성 반영)' -> '공시'
     출처: 'https://www.sec.gov/Archives/edgar/data/1069183/000106918324000061/' -> 'https://www.sec.gov/Archives/edgar/data/1069183/000106918323000030/'
   ! ('Axon Enterprise', 'AXON', '2021Q4', '분기말 지배지분 자본')
     값: '1050233000' -> '1047849000'
     값구분: '공시(재작성 반영)' -> '공시'
     출처: 'https://www.sec.gov/Archives/edgar/data/1069183/000106918325000075/' -> 'https://www.sec.gov/Archives/edgar/data/1069183/000155837022002006/'
   ! ('Axon Enterprise', 'AXON', '2023Q2', '분기말 지배지분 자본')
     값: '1447027000' -> '1444998000'
     값구분: '공시(재작성 반영)' -> '공시'
     출처: 'https://www.sec.gov/Archives/edgar/data/1069183/000106918324000061/' -> 'https://www.sec.gov/Archives/edgar/data/1069183/000155837023013981/'
라운드 13 | 행 6600/6600 | 값·출처 변경 2 | 비고만 변경 0 | 원본만 0 | 재생성만 0
   ! ('Kenvue', 'KVUE', '2023Q1', '분기말 지배지분 자본')
     값: '20372000000' -> '20282000000'
     값구분: '공시(재작성 반영)' -> '공시'
     출처: 'https://www.sec.gov/Archives/edgar/data/1944048/000194404824000139/' -> 'https://www.sec.gov/Archives/edgar/data/1944048/000194404823000013/'
   ! ('Kenvue', 'KVUE', '2023Q2', '분기말 지배지분 자본')
     값: '11131000000' -> '11040000000'
     값구분: '공시(재작성 반영)' -> '공시'
     출처: 'https://www.sec.gov/Archives/edgar/data/1944048/000194404824000152/' -> 'https://www.sec.gov/Archives/edgar/data/1944048/000194404823000020/'
라운드 14 | 행 6600/6600 | 값·출처 변경 1 | 비고만 변경 0 | 원본만 0 | 재생성만 0
   ! ('VeriSign', 'VRSN', '2021Q2', '분기말 지배지분 자본')
     값: '-1417900000' -> '-1417785000'
     값구분: '공시(재작성 반영)' -> '공시'
     출처: 'https://www.sec.gov/Archives/edgar/data/1014473/000101447322000027/' -> 'https://www.sec.gov/Archives/edgar/data/1014473/000101447321000023/'
라운드 15 | 행 6600/6600 | 값·출처 변경 5 | 비고만 변경 0 | 원본만 0 | 재생성만 0
   ! ('Labcorp Holdings', 'LH', '2021Q1', '분기말 지배지분 자본')
     값: '10098400000' -> '10021500000'
     값구분: '공시(재작성 반영)' -> '공시'
     출처: 'https://www.sec.gov/Archives/edgar/data/920148/000092014822000060/' -> 'https://www.sec.gov/Archives/edgar/data/920148/000092014821000041/'
   ! ('Labcorp Holdings', 'LH', '2021Q2', '분기말 지배지분 자본')
     값: '10322000000' -> '10245100000'
     값구분: '공시(재작성 반영)' -> '공시'
     출처: 'https://www.sec.gov/Archives/edgar/data/920148/000092014822000060/' -> 'https://www.sec.gov/Archives/edgar/data/920148/000092014821000051/'
   ! ('Labcorp Holdings', 'LH', '2019Q3', '분기말 지배지분 자본')
     값: '7020100000' -> '7231100000'
     값구분: '공시(재작성 반영)' -> '공시'
     출처: 'https://www.sec.gov/Archives/edgar/data/920148/000092014821000041/' -> 'https://www.sec.gov/Archives/edgar/data/920148/000092014819000092/'
   ! ('Labcorp Holdings', 'LH', '2021Q3', '분기말 지배지분 자본')
     값: '10601400000' -> '10524500000'
     값구분: '공시(재작성 반영)' -> '공시'
     출처: 'https://www.sec.gov/Archives/edgar/data/920148/000092014822000060/' -> 'https://www.sec.gov/Archives/edgar/data/920148/000092014821000070/'
   ! ('Labcorp Holdings', 'LH', '2019Q4', '분기말 지배지분 자본')
     값: '7643900000' -> '7567000000'
     값구분: '공시(재작성 반영)' -> '공시'
     출처: 'https://www.sec.gov/Archives/edgar/data/920148/000092014823000017/' -> 'https://www.sec.gov/Archives/edgar/data/920148/000092014820000011/'
라운드 16 | 행 6600/6600 | 값·출처 변경 9 | 비고만 변경 0 | 원본만 0 | 재생성만 0
   ! ('International Flavors & Fragrances', 'IFF', '2022Q4', '분기말 부채총계')
     값: '17816000000' -> '17634000000'
     값구분: '계산(부채및자본-총자본)(재작성 반영)' -> '계산(부채및자본-총자본)'
     출처: 'https://www.sec.gov/Archives/edgar/data/51253/000005125324000006/' -> 'https://www.sec.gov/Archives/edgar/data/51253/000005125323000009/'
   ! ('International Flavors & Fragrances', 'IFF', '2022Q4', '분기말 자산총계')
     값: '35522000000' -> '35407000000'
     값구분: '공시(재작성 반영)' -> '공시'
     출처: 'https://www.sec.gov/Archives/edgar/data/51253/000005125324000006/' -> 'https://www.sec.gov/Archives/edgar/data/51253/000005125323000009/'
   ! ('International Flavors & Fragrances', 'IFF', '2024Q3', '분기말 부채총계')
     값: '15146000000' -> '15118000000'
     값구분: '계산(부채및자본-총자본)(재작성 반영)' -> '계산(부채및자본-총자본)'
   ! ('International Flavors & Fragrances', 'IFF', '2023Q1', '분기말 부채총계')
     값: '17650000000' -> '17621000000'
     값구분: '계산(부채및자본-총자본)(재작성 반영)' -> '계산(부채및자본-총자본)'
   ! ('International Flavors & Fragrances', 'IFF', '2025Q2', '분기말 부채총계')
     값: '11740000000' -> '11685000000'
     값구분: '계산(부채및자본-총자본)(재작성 반영)' -> '계산(부채및자본-총자본)'
   ! ('International Flavors & Fragrances', 'IFF', '2024Q2', '분기말 부채총계')
     값: '15279000000' -> '15252000000'
     값구분: '계산(부채및자본-총자본)(재작성 반영)' -> '계산(부채및자본-총자본)'
   ! ('International Flavors & Fragrances', 'IFF', '2023Q4', '분기말 부채총계')
     값: '16398000000' -> '16336000000'
     값구분: '계산(부채및자본-총자본)(재작성 반영)' -> '계산(부채및자본-총자본)'
   ! ('International Flavors & Fragrances', 'IFF', '2020Q4', '분기말 부채총계')
     값: '7136119000' -> '7135084000'
     값구분: '계산(부채및자본-총자본)(재작성 반영)' -> '계산(부채및자본-총자본)'
   ! ('International Flavors & Fragrances', 'IFF', '2025Q1', '분기말 부채총계')
     값: '15094000000' -> '15052000000'
     값구분: '계산(부채및자본-총자본)(재작성 반영)' -> '계산(부채및자본-총자본)'
라운드 17 | 행 1650/1650 | 값·출처 변경 0 | 비고만 변경 0 | 원본만 0 | 재생성만 0
라운드 18 | 행 1650/1650 | 값·출처 변경 0 | 비고만 변경 0 | 원본만 0 | 재생성만 0
라운드 19 | 행 1650/1650 | 값·출처 변경 0 | 비고만 변경 0 | 원본만 0 | 재생성만 0
라운드 20 | 행 1650/1650 | 값·출처 변경 0 | 비고만 변경 0 | 원본만 0 | 재생성만 0
라운드 21 | 행 1650/1650 | 값·출처 변경 6 | 비고만 변경 0 | 원본만 0 | 재생성만 0
   ! ('Gen Digital', 'GEN', '2022Q1', '분기말 지배지분 자본')
     값: '-126000000' -> '-93000000'
     값구분: '공시(재작성 반영)' -> '공시'
     출처: 'https://www.sec.gov/Archives/edgar/data/849399/000084939925000033/' -> 'https://www.sec.gov/Archives/edgar/data/849399/000084939922000013/'
   ! ('Gen Digital', 'GEN', '2023Q4', '분기말 지배지분 자본')
     값: '2364000000' -> '2418000000'
     값구분: '공시(재작성 반영)' -> '공시'
     출처: 'https://www.sec.gov/Archives/edgar/data/849399/000084939925000006/' -> 'https://www.sec.gov/Archives/edgar/data/849399/000084939924000008/'
   ! ('DuPont', 'DD', '2019Q1', '분기말 부채총계')
     값: '95965000000' -> '95687000000'
     값구분: '계산(부채및자본-총자본)(재작성 반영)' -> '계산(부채및자본-총자본)'
   ! ('Gen Digital', 'GEN', '2023Q2', '분기말 지배지분 자본')
     값: '2287000000' -> '2337000000'
     값구분: '공시(재작성 반영)' -> '공시'
     출처: 'https://www.sec.gov/Archives/edgar/data/849399/000084939924000081/' -> 'https://www.sec.gov/Archives/edgar/data/849399/000084939923000021/'
   ! ('Gen Digital', 'GEN', '2023Q1', '분기말 지배지분 자본')
     값: '2152000000' -> '2200000000'
     값구분: '공시(재작성 반영)' -> '공시'
     출처: 'https://www.sec.gov/Archives/edgar/data/849399/000084939926000017/' -> 'https://www.sec.gov/Archives/edgar/data/849399/000084939923000014/'
   ! ('Gen Digital', 'GEN', '2023Q3', '분기말 지배지분 자본')
     값: '2362000000' -> '2414000000'
     값구분: '공시(재작성 반영)' -> '공시'
     출처: 'https://www.sec.gov/Archives/edgar/data/849399/000084939925000006/' -> 'https://www.sec.gov/Archives/edgar/data/849399/000084939923000029/'
라운드 22 | 행 1650/1650 | 값·출처 변경 0 | 비고만 변경 0 | 원본만 0 | 재생성만 0
라운드 23 | 행 1650/1650 | 값·출처 변경 0 | 비고만 변경 0 | 원본만 0 | 재생성만 0
라운드 24 | 행 1650/1650 | 값·출처 변경 0 | 비고만 변경 0 | 원본만 0 | 재생성만 0
라운드 25 | 행 1650/1650 | 값·출처 변경 0 | 비고만 변경 0 | 원본만 0 | 재생성만 0
라운드 26 | 행 1650/1650 | 값·출처 변경 0 | 비고만 변경 0 | 원본만 0 | 재생성만 0
라운드 27 | 행 1650/1650 | 값·출처 변경 0 | 비고만 변경 0 | 원본만 0 | 재생성만 0
라운드 28 | 행 1650/1650 | 값·출처 변경 4 | 비고만 변경 0 | 원본만 0 | 재생성만 0
   ! ('CoStar', 'CSGP', '2020Q3', '분기말 지배지분 자본')
     값: '5446925000' -> '5318058000'
     값구분: '공시(비지배 없음)(재작성 반영)' -> '공시(비지배 없음)'
     출처: 'https://www.sec.gov/Archives/edgar/data/1057352/000105735221000067/' -> 'https://www.sec.gov/Archives/edgar/data/1057352/000105735220000126/'
   ! ('CoStar', 'CSGP', '2020Q4', '분기말 지배지분 자본')
     값: '5375200000' -> '5375359000'
     값구분: '공시(재작성 반영)' -> '공시'
     출처: 'https://www.sec.gov/Archives/edgar/data/1057352/000105735224000013/' -> 'https://www.sec.gov/Archives/edgar/data/1057352/000105735221000032/'
   ! ('CoStar', 'CSGP', '2021Q4', '분기말 지배지분 자본')
     값: '5711500000' -> '5711672000'
     값구분: '공시(재작성 반영)' -> '공시'
     출처: 'https://www.sec.gov/Archives/edgar/data/1057352/000105735225000016/' -> 'https://www.sec.gov/Archives/edgar/data/1057352/000105735222000027/'
   ! ('Baxter', 'BAX', '2019Q2', '분기말 지배지분 자본')
     값: '7779000000' -> '7812000000'
     값구분: '공시(재작성 반영)' -> '공시'
     출처: 'https://www.sec.gov/Archives/edgar/data/10456/000162828020003693/' -> 'https://www.sec.gov/Archives/edgar/data/10456/000156459019027020/'
라운드 29 | 행 1650/1650 | 값·출처 변경 0 | 비고만 변경 0 | 원본만 0 | 재생성만 0
라운드 30 | 행 1320/1320 | 값·출처 변경 0 | 비고만 변경 0 | 원본만 0 | 재생성만 0
라운드 31 | 행 1650/1650 | 값·출처 변경 5 | 비고만 변경 0 | 원본만 0 | 재생성만 0
   ! ('Rollins', 'ROL', '2020Q4', '분기말 지배지분 자본')
     값: '964651000' -> '941360000'
     값구분: '공시(재작성 반영)' -> '공시'
     출처: 'https://www.sec.gov/Archives/edgar/data/84839/000008483924000025/' -> 'https://www.sec.gov/Archives/edgar/data/84839/000117120021000076/'
   ! ('Rollins', 'ROL', '2022Q1', '분기말 지배지분 자본')
     값: '1138019000' -> '1107529000'
     값구분: '공시(재작성 반영)' -> '공시'
     출처: 'https://www.sec.gov/Archives/edgar/data/84839/000008483923000059/' -> 'https://www.sec.gov/Archives/edgar/data/84839/000008483922000033/'
   ! ('Rollins', 'ROL', '2019Q4', '분기말 지배지분 자본')
     값: '833109000' -> '815750000'
     값구분: '공시(재작성 반영)' -> '공시'
     출처: 'https://www.sec.gov/Archives/edgar/data/84839/000008483923000006/' -> 'https://www.sec.gov/Archives/edgar/data/84839/000117120020000103/'
   ! ('Rollins', 'ROL', '2022Q3', '분기말 지배지분 자본')
     값: '1229683000' -> '1196551000'
     값구분: '공시(재작성 반영)' -> '공시'
     출처: 'https://www.sec.gov/Archives/edgar/data/84839/000008483923000078/' -> 'https://www.sec.gov/Archives/edgar/data/84839/000008483922000059/'
   ! ('Rollins', 'ROL', '2022Q2', '분기말 지배지분 자본')
     값: '1177378000' -> '1145567000'
     값구분: '공시(재작성 반영)' -> '공시'
     출처: 'https://www.sec.gov/Archives/edgar/data/84839/000008483923000078/' -> 'https://www.sec.gov/Archives/edgar/data/84839/000008483922000048/'
