3 ORCL 2023Q4 ['부채총계'] 전: 대차X 비지배512000000 후: 대차O 비지배512000000 
5 BA 2019Q4 ['부채총계'] 전: 대차X 비지배317000000 후: 대차O 비지배317000000 
5 FTNT 2019Q2 ['지배지분 자본'] 전: 대차O 비지배-17100000 후: 대차O 비지배0 
5 FTNT 2019Q3 ['지배지분 자본'] 전: 대차O 비지배-17500000 후: 대차O 비지배0 
5 FTNT 2020Q1 ['지배지분 자본'] 전: 대차O 비지배-21100000 후: 대차O 비지배0 
5 FTNT 2020Q2 ['지배지분 자본'] 전: 대차O 비지배-22800000 후: 대차O 비지배0 
5 WDC 2022Q2 ['지배지분 자본'] 전: 대차O 비지배-102000000 후: 대차O 비지배0 
5 WDC 2022Q3 ['지배지분 자본'] 전: 대차O 비지배-115000000 후: 대차O 비지배0 
5 WDC 2022Q4 ['지배지분 자본'] 전: 대차O 비지배-130000000 후: 대차O 비지배0 
5 WDC 2023Q1 ['지배지분 자본'] 전: 대차X 비지배-130000000 후: 대차X 비지배0 
5 WDC 2023Q3 ['지배지분 자본'] 전: 대차X 비지배-117000000 후: 대차X 비지배0 
7 CSX 2021Q4 ['지배지분 자본'] 전: 대차O 비지배59000000 후: 대차O 비지배10000000 
7 CSX 2023Q4 ['지배지분 자본'] 전: 대차O 비지배153000000 후: 대차O 비지배5000000 
8 CMI 2021Q4 ['지배지분 자본'] 전: 대차O 비지배1255000000 후: 대차O 비지배927000000 
9 MRNA 2019Q1 ['지배지분 자본'] 전: 대차O 비지배3708000 후: 대차O 비지배0 
9 MRNA 2019Q2 ['지배지분 자본'] 전: 대차O 비지배3594000 후: 대차O 비지배0 
9 MRNA 2019Q3 ['지배지분 자본'] 전: 대차O 비지배3615000 후: 대차O 비지배0 
9 PCAR 2020Q4 ['지배지분 자본'] 전: 대차O 비지배-143300000 후: 대차O 비지배0 
9 RSG 2021Q4 ['부채총계'] 전: 대차X 비지배800000 후: 대차O 비지배800000 
10 CAH 2021Q2 ['부채총계'] 전: 대차X 비지배3000000 후: 대차O 비지배3000000 
10 CAH 2022Q2 ['부채총계'] 전: 대차X 비지배3000000 후: 대차O 비지배3000000 
10 CAH 2023Q3 ['부채총계'] 전: 대차X 비지배1000000 후: 대차O 비지배1000000 
10 CAH 2023Q4 ['부채총계'] 전: 대차X 비지배2000000 후: 대차O 비지배2000000 
10 CAH 2024Q1 ['부채총계'] 전: 대차X 비지배3000000 후: 대차O 비지배3000000 
11 EBAY 2024Q2 ['지배지분 자본'] 전: 대차O 비지배16000000 후: 대차O 비지배0 
11 EBAY 2025Q1 ['지배지분 자본'] 전: 대차O 비지배121000000 후: 대차O 비지배0 
11 EBAY 2025Q2 ['지배지분 자본'] 전: 대차O 비지배125000000 후: 대차O 비지배0 
12 AXON 2021Q4 ['지배지분 자본'] 전: 대차O 비지배-2384000 후: 대차O 비지배0 
12 AXON 2022Q4 ['지배지분 자본'] 전: 대차O 비지배-2175000 후: 대차O 비지배0 
12 AXON 2023Q1 ['지배지분 자본'] 전: 대차O 비지배-2935000 후: 대차O 비지배0 
12 AXON 2023Q2 ['지배지분 자본'] 전: 대차O 비지배-2029000 후: 대차O 비지배0 
12 AXON 2023Q3 ['지배지분 자본'] 전: 대차O 비지배-3941000 후: 대차O 비지배0 
12 AXON 2024Q2 ['지배지분 자본'] 전: 대차O 비지배-4541000 후: 대차O 비지배0 
12 LYV 2021Q4 ['부채총계'] 전: 대차X 비지배394197000 후: 대차X 비지배394197000 
12 LYV 2022Q4 ['부채총계'] 전: 대차X 비지배461366000 후: 대차X 비지배461366000 
12 LYV 2023Q2 ['부채총계'] 전: 대차X 비지배558806000 후: 대차X 비지배558806000 
12 LYV 2023Q3 ['부채총계'] 전: 대차X 비지배643218000 후: 대차X 비지배643218000 
12 LYV 2024Q1 ['부채총계'] 전: 대차X 비지배584019000 후: 대차X 비지배584019000 
12 LYV 2024Q2 ['부채총계'] 전: 대차X 비지배594240000 후: 대차X 비지배594240000 
13 KVUE 2023Q1 ['지배지분 자본'] 전: 대차O 비지배-90000000 후: 대차O 비지배0 
13 KVUE 2023Q2 ['지배지분 자본'] 전: 대차O 비지배-91000000 후: 대차O 비지배0 
14 VRSN 2021Q2 ['지배지분 자본'] 전: 대차O 비지배115000 후: 대차O 비지배0 
15 LH 2019Q3 ['지배지분 자본'] 전: 대차X 비지배211000000 후: 대차X 비지배0 
15 LH 2019Q4 ['지배지분 자본'] 전: 대차X 비지배-76900000 후: 대차X 비지배0 
15 LH 2021Q1 ['지배지분 자본'] 전: 대차X 비지배-76900000 후: 대차X 비지배0 
15 LH 2021Q2 ['지배지분 자본'] 전: 대차X 비지배-76900000 후: 대차X 비지배0 
15 LH 2021Q3 ['지배지분 자본'] 전: 대차X 비지배-76900000 후: 대차X 비지배0 
16 IFF 2020Q4 ['부채총계'] 전: 대차X 비지배11882000 후: 대차X 비지배11882000 
16 IFF 2022Q4 ['자산총계', '부채총계'] 전: 대차X 비지배30000000 후: 대차X 비지배30000000 
16 IFF 2023Q1 ['부채총계'] 전: 대차X 비지배32000000 후: 대차X 비지배32000000 
16 IFF 2023Q4 ['부채총계'] 전: 대차X 비지배31000000 후: 대차O 비지배31000000 
16 IFF 2024Q2 ['부채총계'] 전: 대차X 비지배37000000 후: 대차O 비지배37000000 
16 IFF 2024Q3 ['부채총계'] 전: 대차X 비지배35000000 후: 대차O 비지배35000000 
16 IFF 2025Q1 ['부채총계'] 전: 대차X 비지배36000000 후: 대차O 비지배36000000 
16 IFF 2025Q2 ['부채총계'] 전: 대차X 비지배32000000 후: 대차O 비지배32000000 
21 DD 2019Q1 ['부채총계'] 전: 대차X 비지배1654000000 후: 대차O 비지배1654000000 
21 GEN 2022Q1 ['지배지분 자본'] 전: 대차O 비지배33000000 후: 대차O 비지배0 
21 GEN 2023Q1 ['지배지분 자본'] 전: 대차O 비지배48000000 후: 대차O 비지배0 
21 GEN 2023Q2 ['지배지분 자본'] 전: 대차O 비지배50000000 후: 대차O 비지배0 
21 GEN 2023Q3 ['지배지분 자본'] 전: 대차O 비지배52000000 후: 대차O 비지배0 
21 GEN 2023Q4 ['지배지분 자본'] 전: 대차O 비지배54000000 후: 대차O 비지배0 
28 BAX 2019Q2 ['지배지분 자본'] 전: 대차O 비지배57000000 후: 대차O 비지배24000000 
28 CSGP 2020Q3 ['지배지분 자본'] 전: 대차O 비지배-128867000 후: 대차O 비지배0 
28 CSGP 2020Q4 ['지배지분 자본'] 전: 대차O 비지배159000 후: 대차O 비지배0 
28 CSGP 2021Q4 ['지배지분 자본'] 전: 대차O 비지배172000 후: 대차O 비지배0 
31 ROL 2019Q4 ['지배지분 자본'] 전: 대차O 비지배-17359000 후: 대차O 비지배0 
31 ROL 2020Q4 ['지배지분 자본'] 전: 대차O 비지배-23291000 후: 대차O 비지배0 
31 ROL 2022Q1 ['지배지분 자본'] 전: 대차O 비지배-30490000 후: 대차O 비지배0 
31 ROL 2022Q2 ['지배지분 자본'] 전: 대차O 비지배-31811000 후: 대차O 비지배0 
31 ROL 2022Q3 ['지배지분 자본'] 전: 대차O 비지배-33132000 후: 대차O 비지배0 
{'저량': 71}
