SK텔레콤 | 보고서 30 | {'공시': 183, '계산(누적차감)': 19, '공시(재작성 반영)': 14, '계산(연간-3분기누적)': 18, '계산(누적차감)(재작성 반영)': 3, '계산(연간-3분기누적)(재작성 반영)': 3, 'API': 90} | 재무검증실패 없음 | 시총검증실패 없음 | 포괄손익표 0기간 | 101s
KT&G | 보고서 30 | {'공시': 190, '공시(재작성 반영)': 7, '계산(누적차감)(재작성 반영)': 1, '계산(누적차감)': 21, '계산(연간-3분기누적)': 19, '계산(연간-3분기누적)(재작성 반영)': 2, 'API': 90} | 재무검증실패 없음 | 시총검증실패 없음 | 포괄손익표 30기간 | 91s
삼성중공업 | 보고서 30 | {'공시': 197, '계산(누적차감)': 22, '계산(연간-3분기누적)': 21, 'API': 90} | 재무검증실패 없음 | 시총검증실패 없음 | 포괄손익표 0기간 | 92s
HD현대 | 보고서 30 | {'공시': 193, '계산(누적차감)': 20, '계산(연간-3분기누적)': 21, '계산(누적차감)(재작성 반영)': 2, '공시(재작성 반영)': 4, 'API': 90} | 재무검증실패 없음 | 시총검증실패 없음 | 포괄손익표 30기간 | 93s
LG | 보고서 30 | {'공시': 197, '계산(누적차감)': 22, '계산(연간-3분기누적)': 21, 'API': 90} | 재무검증실패 없음 | 시총검증실패 없음 | 포괄손익표 0기간 | 90s
삼성에스디에스 | 보고서 30 | {'공시': 195, '공시(재작성 반영)': 2, '계산(누적차감)': 22, '계산(연간-3분기누적)': 21, 'API': 90} | 재무검증실패 없음 | 시총검증실패 없음 | 포괄손익표 6기간 | 88s
포스코퓨처엠 | 보고서 30 | {'공시': 197, '계산(누적차감)(재작성 반영)': 2, '계산(연간-3분기누적)': 21, '계산(누적차감)': 20, 'API': 90} | 재무검증실패 없음 | 시총검증실패 없음 | 포괄손익표 30기간 | 91s
S-Oil | 보고서 30 | {'공시': 196, '계산(누적차감)': 15, '계산(누적차감)(재작성 반영)': 7, '계산(연간-3분기누적)': 21, '공시(재작성 반영)': 1, 'API': 90} | 재무검증실패 없음 | 시총검증실패 없음 | 포괄손익표 30기간 | 91s
현대글로비스 | 보고서 30 | {'공시': 197, '계산(누적차감)': 22, '계산(연간-3분기누적)': 21, 'API': 90} | 재무검증실패 없음 | 시총검증실패 없음 | 포괄손익표 0기간 | 87s
카카오 | 보고서 30 | {'공시': 180, '계산(누적차감)': 22, '공시(재작성 반영)': 17, '계산(연간-3분기누적)': 18, '계산(연간-3분기누적)(재작성 반영)': 3, 'API': 90} | 재무검증실패 없음 | 시총검증실패 없음 | 포괄손익표 30기간 | 89s
LIG디펜스앤에어로스페이스 | 보고서 30 | {'데이터 없음(연결 미해당)': 16, '공시': 174, '데이터 없음(직전 보고서 없음)': 1, '계산(연간-3분기누적)': 21, '계산(누적차감)': 20, '공시(재작성 반영)': 8, 'API': 90} | 재무검증실패 없음 | 시총검증실패 없음 | 포괄손익표 28기간 | 89s
현대건설 | 보고서 30 | {'공시': 190, '계산(누적차감)': 20, '계산(연간-3분기누적)': 21, '계산(누적차감)(재작성 반영)': 2, '계산(지배+비지배)': 2, '공시(재작성 반영)': 5, 'API': 90} | 재무검증실패 없음 | 시총검증실패 없음 | 포괄손익표 30기간 | 88s
KT | 보고서 30 | {'공시': 186, '계산(누적차감)': 19, '공시(재작성 반영)': 11, '계산(연간-3분기누적)': 19, '계산(누적차감)(재작성 반영)': 3, '계산(연간-3분기누적)(재작성 반영)': 2, 'API': 90} | 재무검증실패 없음 | 시총검증실패 없음 | 포괄손익표 0기간 | 91s
현대로템 | 보고서 30 | {'공시': 197, '계산(누적차감)': 22, '계산(연간-3분기누적)': 21, 'API': 90} | 재무검증실패 없음 | 시총검증실패 없음 | 포괄손익표 30기간 | 87s
  sto/ksq_isu_base_info HTTP 401 — 건너뜀
한화시스템 | 보고서 27 | {'데이터 없음(최초 보고기간 전)': 24, '공시': 176, '계산(누적차감)': 19, '계산(연간-3분기누적)': 18, '공시(재작성 반영)': 3, '데이터 없음(상장 전)': 9, 'API': 81} | 재무검증실패 없음 | 시총검증실패 없음 | 포괄손익표 27기간 | 84s
한국항공우주 | 보고서 30 | {'공시': 197, '계산(누적차감)': 22, '계산(연간-3분기누적)': 21, 'API': 90} | 재무검증실패 없음 | 시총검증실패 없음 | 포괄손익표 30기간 | 86s
LG이노텍 | 보고서 30 | {'공시': 194, '계산(누적차감)': 22, '계산(연간-3분기누적)': 20, '공시(재작성 반영)': 3, '계산(연간-3분기누적)(재작성 반영)': 1, 'API': 90} | 재무검증실패 없음 | 시총검증실패 없음 | 포괄손익표 0기간 | 93s
대한항공 | 보고서 30 | {'공시': 189, '공시(재작성 반영)': 8, '계산(누적차감)': 22, '계산(연간-3분기누적)': 21, 'API': 90} | 재무검증실패 없음 | 시총검증실패 없음 | 포괄손익표 30기간 | 88s
GS | 보고서 30 | {'공시': 192, '계산(누적차감)': 21, '공시(재작성 반영)': 5, '계산(연간-3분기누적)': 21, '계산(누적차감)(재작성 반영)': 1, 'API': 90} | 재무검증실패 없음 | 시총검증실패 없음 | 포괄손익표 0기간 | 90s
현대오토에버 | 보고서 30 | {'공시': 192, '계산(누적차감)': 22, '계산(연간-3분기누적)': 20, '공시(재작성 반영)': 5, '계산(연간-3분기누적)(재작성 반영)': 1, 'API': 90} | 재무검증실패 없음 | 시총검증실패 없음 | 포괄손익표 30기간 | 88s
재작성 기록: {'재분류(미반영)': 120, '재작성 반영': 126}
rows: 6600 | 빈칸: 0
