TMUS | {'공시': 137, '계산(부채및자본-총자본)': 30, '공시(비지배 없음)': 30, 'API': 30, '공시(표지 기준일)': 30, '계산(종가×주식수)': 30, '계산(누적차감)': 22, '계산(연간-3분기누적)': 21} | 검증실패 없음 | 라벨중복 없음 | 정정판본 ['2020Q2'] | 3s
WDC | {'공시': 153, '계산(누적차감)': 23, '공시(비지배 없음)': 29, 'API': 30, '공시(표지 기준일)': 30, '계산(종가×주식수)': 30, '계산(연간-3분기누적)': 22, '계산(연간-3분기누적)(재작성 반영)': 2, '공시(재작성 반영)': 10, '공시(비지배 없음)(재작성 반영)': 1} | 검증실패 없음 | 라벨중복 없음 | 정정판본 없음 | 5s
COP | {'공시': 150, '미확인': 30, 'API': 30, '공시(표지 기준일)': 30, '계산(종가×주식수)': 30, '계산(누적차감)': 22, '계산(연간-3분기누적)': 12, '계산(연간-3분기누적)(재작성 반영)': 2, '공시(재작성 반영)': 3, '공시(비지배 없음)': 21} | 검증실패 없음 | 라벨중복 없음 | 정정판본 없음 | 3s
PFE | {'공시': 172, '미확인': 30, 'API': 30, '공시(표지 기준일)': 30, '계산(종가×주식수)': 30, '계산(누적차감)': 22, '계산(연간-3분기누적)': 14, '공시(재작성 반영)': 2} | 검증실패 [('2020Q1', '자산=부채+자본'), ('2020Q3', '자산=부채+자본')] | 라벨중복 없음 | 정정판본 없음 | 4s
BA | {'공시': 191, '계산(부채및자본-총자본)': 3, 'API': 30, '공시(표지 기준일)': 30, '계산(종가×주식수)': 30, '계산(누적차감)': 22, '계산(연간-3분기누적)': 19, '계산(부채및자본-총자본)(재작성 반영)': 1, '계산(연간-3분기누적)(재작성 반영)': 2, '공시(재작성 반영)': 2} | 검증실패 없음 | 라벨중복 없음 | 정정판본 없음 | 3s
DHR | {'공시': 167, '계산(부채및자본-총자본)': 30, 'API': 30, '공시(표지 기준일)': 30, '계산(종가×주식수)': 30, '계산(누적차감)': 22, '계산(연간-3분기누적)': 21} | 검증실패 없음 | 라벨중복 없음 | 정정판본 없음 | 2s
UBER | {'공시': 195, '공시(비지배 없음)': 2, '데이터 없음(상장 전)': 3, '계산(누적차감)': 22, 'API': 29, '공시(표지 기준일)': 29, '계산(종가×주식수)': 29, '계산(연간-3분기누적)': 21} | 검증실패 없음 | 라벨중복 없음 | 정정판본 없음 | 2s
보고기간 교정: CIK 0001373715 0001373715-18-000058  2018-02-28 -> 2017-12-31 (원문 DocumentPeriodEndDate)
NOW | {'공시': 167, '공시(비지배 없음)': 30, 'API': 30, '공시(표지 기준일)': 30, '계산(종가×주식수)': 30, '계산(누적차감)': 22, '계산(연간-3분기누적)': 21} | 검증실패 없음 | 라벨중복 없음 | 정정판본 없음 | 3s
TJX | {'공시': 114, '미확인': 30, '계산(부채및자본-총자본)': 30, '공시(비지배 없음)': 30, 'API': 30, '공시(표지 기준일)': 30, '계산(종가×주식수)': 30, '계산(누적차감)': 22, '계산(연간-3분기누적)': 14} | 검증실패 없음 | 라벨중복 없음 | 정정판본 없음 | 2s
ISRG | {'공시': 197, 'API': 30, '공시(표지 기준일)': 30, '계산(종가×주식수)': 30, '계산(누적차감)': 22, '계산(연간-3분기누적)': 21} | 검증실패 없음 | 라벨중복 없음 | 정정판본 없음 | 2s
NEM | {'공시': 174, '미확인': 30, 'API': 30, '공시(표지 기준일)': 30, '계산(종가×주식수)': 30, '계산(누적차감)': 22, '계산(연간-3분기누적)': 14} | 검증실패 없음 | 라벨중복 없음 | 정정판본 ['2021Q4'] | 4s
GLW | {'공시': 197, 'API': 30, '공시(표지 기준일)': 30, '계산(종가×주식수)': 30, '계산(누적차감)': 22, '계산(연간-3분기누적)': 21} | 검증실패 없음 | 라벨중복 없음 | 정정판본 없음 | 2s
VRTX | {'공시': 168, '공시(비지배 없음)': 29, 'API': 30, '공시(표지 기준일)': 30, '계산(종가×주식수)': 30, '계산(누적차감)': 22, '계산(연간-3분기누적)': 21} | 검증실패 없음 | 라벨중복 없음 | 정정판본 없음 | 2s
BMY | {'공시': 174, '미확인': 30, 'API': 30, '공시(표지 기준일)': 30, '계산(종가×주식수)': 30, '계산(누적차감)': 22, '계산(연간-3분기누적)': 14} | 검증실패 없음 | 라벨중복 없음 | 정정판본 없음 | 4s
BKNG | {'공시': 144, '공시(보통주 귀속)': 23, '공시(비지배 없음)': 30, 'API': 30, '공시(표지 기준일)': 30, '계산(종가×주식수)': 30, '계산(누적차감)': 22, '계산(연간-3분기누적)': 14, '계산(연간-3분기누적, 보통주 귀속)': 7} | 검증실패 없음 | 라벨중복 없음 | 정정판본 없음 | 3s
FTNT | {'공시': 170, '공시(비지배 없음)': 10, 'API': 30, '공시(표지 기준일)': 30, '계산(종가×주식수)': 30, '계산(누적차감)': 22, '공시(재작성 반영)': 16, '계산(연간-3분기누적)(재작성 반영)': 3, '공시(비지배 없음)(재작성 반영)': 1, '계산(연간-3분기누적)': 18} | 검증실패 없음 | 라벨중복 없음 | 정정판본 없음 | 4s
LMT | {'공시': 187, 'API': 30, '공시(표지 기준일)': 30, '계산(종가×주식수)': 30, '계산(누적차감)': 22, '계산(연간-3분기누적)': 21, '공시(비지배 없음)': 10} | 검증실패 없음 | 라벨중복 없음 | 정정판본 없음 | 2s
ACN | {'공시': 166, '계산(누적차감)': 23, '계산(부채및자본-총자본)': 30, 'API': 30, '공시(표지 기준일)': 30, '계산(종가×주식수)': 30, '계산(연간-3분기누적)': 21} | 검증실패 없음 | 라벨중복 없음 | 정정판본 없음 | 19s
SPGI | {'공시': 195, 'API': 30, '공시(표지 기준일)': 30, '계산(종가×주식수)': 30, '계산(누적차감)': 22, '계산(연간-3분기누적)': 21, '계산(연결-비지배)': 2} | 검증실패 없음 | 라벨중복 없음 | 정정판본 없음 | 3s
MPC | {'공시(재작성 반영)': 2, '공시': 195, 'API': 30, '공시(표지 기준일)': 30, '계산(종가×주식수)': 30, '계산(누적차감)': 22, '계산(연간-3분기누적)': 21} | 검증실패 없음 | 라벨중복 없음 | 정정판본 없음 | 2s
재작성 기록: {'재분류(미반영)': 77, '재작성 검증 실패(원 공시 유지)': 37, '재작성 반영': 47}
rows: 6600 | 빈 값: 0 | 빈 출처: 0
