CCL | {'공시': 138, '계산(부채및자본-총자본)': 29, '공시(비지배 없음)': 27, 'API': 30, '공시(표지 기준일)': 30, '계산(종가×주식수)': 30, '계산(누적차감)': 22, '계산(연간-3분기누적)': 21, '계산(부채및자본-총자본)(재작성 반영)': 1, '공시(비지배 없음)(재작성 반영)': 1, '공시(재작성 반영)': 1} | 검증실패 없음 | 라벨중복 없음 | 정정판본 ['2019Q4'] | 2s
보고기간 교정: CIK 0001555280 0001555280-19-000221  2019-08-06 -> 2019-06-30 (원문 DocumentPeriodEndDate)
ZTS | {'공시': 162, '미확인': 30, '공시(비지배 없음)': 5, 'API': 30, '공시(표지 기준일)': 30, '계산(종가×주식수)': 30, '계산(누적차감)': 21, '계산(연간-3분기누적)': 14, '공시(재작성 반영)': 7, '계산(누적차감)(재작성 반영)': 1} | 검증실패 없음 | 라벨중복 없음 | 정정판본 ['2019Q2'] | 4s
MLM | {'공시': 197, 'API': 30, '공시(표지 기준일)': 30, '계산(종가×주식수)': 30, '계산(누적차감)': 22, '계산(연간-3분기누적)': 21} | 검증실패 없음 | 라벨중복 없음 | 정정판본 없음 | 2s
GEHC | {'미확인': 173, 'API': 15, '공시(표지 기준일)': 15, '계산(종가×주식수)': 15, '공시': 93, '계산(누적차감)': 10, '계산(연간-3분기누적)': 9} | 검증실패 [('2022Q4', '자산=부채+자본')] | 라벨중복 없음 | 정정판본 없음 | 2s
KHC | {'공시': 197, 'API': 30, '공시(표지 기준일)': 30, '계산(종가×주식수)': 30, '계산(누적차감)': 22, '계산(연간-3분기누적)': 21} | 검증실패 없음 | 라벨중복 없음 | 정정판본 없음 | 1s
CTSH | {'공시': 167, '공시(비지배 없음)': 30, 'API': 30, '공시(표지 기준일)': 30, '계산(종가×주식수)': 30, '계산(누적차감)': 22, '계산(연간-3분기누적)': 21} | 검증실패 없음 | 라벨중복 없음 | 정정판본 없음 | 2s
AEE | {'공시': 144, '계산(연결-비지배)': 23, '계산(부채및자본-총자본)': 30, 'API': 30, '공시(표지 기준일)': 30, '계산(종가×주식수)': 30, '계산(누적차감)': 22, '미확인': 1, '계산(연간-3분기누적)': 13, '계산(연간(연결-비지배)-3분기누적)': 7} | 검증실패 없음 | 라벨중복 없음 | 정정판본 없음 | 1s
HAL | {'공시': 197, 'API': 30, '공시(표지 기준일)': 30, '계산(종가×주식수)': 30, '계산(누적차감)': 22, '계산(연간-3분기누적)': 21} | 검증실패 없음 | 라벨중복 없음 | 정정판본 없음 | 2s
TDY | {'공시': 170, 'API': 30, '공시(표지 기준일)': 30, '계산(종가×주식수)': 30, '계산(누적차감)': 22, '계산(연간-3분기누적)': 21, '공시(비지배 없음)': 27} | 검증실패 없음 | 라벨중복 없음 | 정정판본 없음 | 1s
MTD | {'공시': 144, '미확인': 38, '공시(비지배 없음)': 30, 'API': 30, '공시(표지 기준일)': 26, '계산(종가×주식수)': 26, '계산(누적차감)': 22, '계산(연간-3분기누적)': 14} | 검증실패 없음 | 라벨중복 없음 | 정정판본 없음 | 4s
IR | {'공시': 193, '공시(비지배 없음)': 4, 'API': 30, '공시(표지 기준일)': 30, '계산(종가×주식수)': 30, '계산(누적차감)': 22, '계산(연간-3분기누적)': 21} | 검증실패 없음 | 라벨중복 없음 | 정정판본 없음 | 2s
VRSN | {'공시': 166, '공시(비지배 없음)': 30, 'API': 30, '공시(표지 기준일)': 30, '계산(종가×주식수)': 30, '계산(누적차감)': 22, '계산(연간-3분기누적)': 14, '계산(연간-3분기누적, 비지배 없음)': 7, '공시(재작성 반영)': 1} | 검증실패 없음 | 라벨중복 없음 | 정정판본 없음 | 2s
ON | {'공시': 197, 'API': 30, '공시(표지 기준일)': 30, '계산(종가×주식수)': 30, '계산(누적차감)': 22, '계산(연간-3분기누적)': 21} | 검증실패 없음 | 라벨중복 없음 | 정정판본 없음 | 2s
DGX | {'공시': 167, '계산(부채및자본-총자본)': 30, 'API': 30, '공시(표지 기준일)': 30, '계산(종가×주식수)': 30, '계산(누적차감)': 22, '계산(연간-3분기누적)': 21} | 검증실패 없음 | 라벨중복 없음 | 정정판본 없음 | 2s
ECHO | {'공시': 160, '공시(비지배 없음)': 5, 'API': 30, '공시(표지 기준일)': 30, '계산(종가×주식수)': 30, '계산(누적차감)': 17, '계산(연결-비지배)': 9, '계산(연간-3분기누적)': 8, '계산(연간-3분기누적, 비지배 없음)': 2, '계산(연간-3분기누적)(재작성 반영)': 6, '계산(연간-3분기누적, 비지배 없음)(재작성 반영)': 2, '계산(누적차감)(재작성 반영)': 5, '공시(재작성 반영)': 17, '공시(비지배 없음)(재작성 반영)': 6, '계산(연간(연결-비지배)-3분기누적)(재작성 반영)': 1, '계산(연간(연결-비지배)-3분기누적)': 2} | 검증실패 없음 | 라벨중복 없음 | 정정판본 ['2025Q4'] | 30s
라벨 보완: CIK 0000900075, 최신 라벨 2026Q1가 창 끝(2026Q2)보다 앞섬 → 순차 배정
CPRT | {'공시': 169, '계산(누적차감)': 23, 'API': 30, '공시(표지 기준일)': 30, '계산(종가×주식수)': 30, '계산(연간-3분기누적)': 20, '공시(비지배 없음)': 27, '계산(연간-3분기누적, 비지배 없음)': 1} | 검증실패 없음 | 라벨중복 없음 | 정정판본 없음 | 1s
ATO | {'공시': 136, '계산(누적차감)': 23, '계산(부채및자본-총자본)': 30, '공시(비지배 없음)': 30, 'API': 30, '공시(표지 기준일)': 30, '계산(종가×주식수)': 30, '계산(연간-3분기누적)': 21} | 검증실패 없음 | 라벨중복 없음 | 정정판본 없음 | 3s
FOXA | {'공시': 119, '미확인': 30, '계산(연결-비지배)': 22, '계산(누적차감)': 23, '계산(부채및자본-총자본)': 30, 'API': 30, '공시(표지 기준일)': 30, '계산(종가×주식수)': 30, '계산(연간-3분기누적)': 8, '계산(연간(연결-비지배)-3분기누적)': 8} | 검증실패 없음 | 라벨중복 없음 | 정정판본 없음 | 25s
AWK | {'공시': 137, '계산(부채및자본-총자본)': 30, '공시(비지배 없음)': 30, 'API': 30, '공시(표지 기준일)': 30, '계산(종가×주식수)': 30, '계산(누적차감)': 22, '계산(연간-3분기누적)': 21} | 검증실패 없음 | 라벨중복 없음 | 정정판본 없음 | 2s
DG | {'공시': 143, '계산(부채및자본-총자본)': 24, '공시(비지배 없음)': 30, 'API': 30, '공시(표지 기준일)': 30, '계산(종가×주식수)': 30, '계산(누적차감)': 22, '계산(연간-3분기누적)': 21} | 검증실패 없음 | 라벨중복 없음 | 정정판본 없음 | 1s
재작성 기록: {'재분류(미반영)': 35, '재작성 검증 실패(원 공시 유지)': 29, '재작성 반영': 49}
rows: 6600 | 빈 값: 0 | 빈 출처: 0
