TKO | {'미확인': 198, '공시': 68, '데이터 없음(직전 보고서 없음)': 1, 'API': 12, '공시(표지 기준일)': 12, '계산(종가×주식수)': 12, '계산(연간-3분기누적)(재작성 반영)': 4, '계산(연간-3분기누적)': 5, '계산(누적차감)(재작성 반영)': 4, '공시(재작성 반영)': 10, '계산(누적차감)': 4} | 검증실패 없음 | 라벨중복 없음 | 정정판본 없음 | 10s
라벨 보완: CIK 0000056873, 겹치던 라벨 9개 → 순차 배정
KR | {'공시': 197, 'API': 30, '공시(표지 기준일)': 30, '계산(종가×주식수)': 30, '계산(누적차감)': 22, '계산(연간-3분기누적)': 21} | 검증실패 없음 | 라벨중복 없음 | 정정판본 없음 | 2s
PCG | {'공시': 147, '계산(부채및자본-총자본)': 30, 'API': 30, '공시(표지 기준일)': 30, '계산(종가×주식수)': 30, '공시(비지배 없음)': 20, '계산(누적차감)': 22, '계산(연간-3분기누적)': 14, '계산(연간-3분기누적, 비지배 없음)': 6, '미확인': 1} | 검증실패 없음 | 라벨중복 없음 | 정정판본 ['2019Q4'] | 2s
UAL | {'공시': 136, '계산(부채및자본-총자본)': 30, '공시(비지배 없음)': 30, 'API': 30, '공시(표지 기준일)': 30, '계산(종가×주식수)': 30, '계산(누적차감)': 21, '계산(연간-3분기누적)': 21, '공시(재작성 반영)': 1, '계산(누적차감)(재작성 반영)': 1} | 검증실패 없음 | 라벨중복 없음 | 정정판본 없음 | 1s
PEG | {'공시': 137, '계산(부채및자본-총자본)': 30, '공시(비지배 없음)': 30, 'API': 30, '공시(표지 기준일)': 30, '계산(종가×주식수)': 30, '계산(누적차감)': 22, '계산(연간-3분기누적)': 21} | 검증실패 없음 | 라벨중복 없음 | 정정판본 없음 | 1s
KVUE | {'미확인': 176, '공시': 76, '공시(재작성 반영)': 3, '공시(비지배 없음)': 14, '데이터 없음(상장 전)': 3, '계산(누적차감)': 10, 'API': 13, '공시(표지 기준일)': 13, '계산(종가×주식수)': 13, '계산(연간-3분기누적)': 9} | 검증실패 없음 | 라벨중복 없음 | 정정판본 없음 | 2s
HSY | {'공시': 179, 'API': 30, '공시(표지 기준일)': 30, '계산(종가×주식수)': 30, '계산(누적차감)': 22, '계산(연간-3분기누적)': 21, '공시(비지배 없음)': 18} | 검증실패 없음 | 라벨중복 없음 | 정정판본 ['2025Q1'] | 22s
EL | {'공시': 134, '계산(연결-비지배)': 13, '계산(누적차감)': 23, 'API': 30, '공시(표지 기준일)': 30, '계산(종가×주식수)': 30, '계산(연간-3분기누적)': 16, '계산(연간(연결-비지배)-3분기누적)': 6, '계산(부채및자본-총자본)': 28, '공시(비지배 없음)': 18, '계산(연간-3분기누적, 비지배 없음)': 1, '계산(연간-3분기누적, 보통주 귀속)': 1} | 검증실패 없음 | 라벨중복 없음 | 정정판본 없음 | 55s
STLD | {'공시': 184, '계산(연결-비지배)': 13, 'API': 30, '공시(표지 기준일)': 30, '계산(종가×주식수)': 30, '계산(누적차감)': 22, '계산(연간-3분기누적)': 17, '계산(연간(연결-비지배)-3분기누적)': 4} | 검증실패 없음 | 라벨중복 없음 | 정정판본 ['2020Q2'] | 4s
DXCM | {'공시': 171, '공시(비지배 없음)': 19, 'API': 30, '공시(표지 기준일)': 30, '계산(종가×주식수)': 30, '계산(누적차감)': 22, '계산(연간-3분기누적)': 19, '계산(연간-3분기누적)(재작성 반영)': 2, '공시(재작성 반영)': 6, '공시(비지배 없음)(재작성 반영)': 1} | 검증실패 없음 | 라벨중복 없음 | 정정판본 없음 | 2s
WEC | {'공시': 108, '공시(보통주 귀속)': 1, '계산(부채및자본-총자본)': 27, '공시(비지배 없음)': 27, 'API': 30, '공시(표지 기준일)': 30, '계산(종가×주식수)': 30, '미확인': 15, '계산(누적차감)': 22, '계산(연간-3분기누적)': 14, '계산(연결-비지배)': 20, '계산(연간(연결-비지배)-3분기누적)': 6} | 검증실패 [('2019Q4', '자산=부채+자본'), ('2020Q4', '자산=부채+자본'), ('2021Q4', '자산=부채+자본')] | 라벨중복 없음 | 정정판본 없음 | 2s
EXPE | {'공시': 167, '계산(부채및자본-총자본)': 30, 'API': 30, '공시(표지 기준일)': 30, '계산(종가×주식수)': 30, '계산(누적차감)': 22, '계산(연간-3분기누적)': 21} | 검증실패 없음 | 라벨중복 없음 | 정정판본 ['2019Q4', '2020Q1'] | 23s
EME | {'공시': 197, 'API': 30, '공시(표지 기준일)': 30, '계산(종가×주식수)': 30, '계산(누적차감)': 22, '계산(연간-3분기누적)': 21} | 검증실패 없음 | 라벨중복 없음 | 정정판본 없음 | 2s
KMB | {'공시': 167, '계산(부채및자본-총자본)': 30, 'API': 30, '공시(표지 기준일)': 30, '계산(종가×주식수)': 30, '계산(누적차감)': 22, '계산(연간-3분기누적)': 21} | 검증실패 없음 | 라벨중복 없음 | 정정판본 없음 | 2s
RMD | {'공시': 163, '계산(누적차감)': 23, '공시(비지배 없음)': 30, 'API': 30, '공시(표지 기준일)': 30, '계산(종가×주식수)': 30, '계산(연간-3분기누적)': 24} | 검증실패 없음 | 라벨중복 없음 | 정정판본 ['2020Q2', '2021Q2'] | 3s
BIIB | {'공시': 174, 'API': 30, '공시(표지 기준일)': 30, '계산(종가×주식수)': 30, '계산(누적차감)': 22, '계산(연간-3분기누적)': 17, '미확인': 17, '공시(비지배 없음)': 10} | 검증실패 없음 | 라벨중복 없음 | 정정판본 없음 | 3s
JBL | {'공시': 196, '계산(누적차감)': 23, 'API': 30, '공시(표지 기준일)': 30, '계산(종가×주식수)': 30, '계산(연간-3분기누적)': 21} | 검증실패 없음 | 라벨중복 없음 | 정정판본 없음 | 2s
EQT | {'공시': 185, '공시(비지배 없음)': 6, 'API': 30, '공시(표지 기준일)': 30, '계산(종가×주식수)': 30, '계산(누적차감)': 22, '계산(연간-3분기누적)': 19, '계산(연간-3분기누적)(재작성 반영)': 2, '공시(재작성 반영)': 6} | 검증실패 없음 | 라벨중복 없음 | 정정판본 없음 | 5s
VMC | {'공시': 187, '공시(비지배 없음)': 10, 'API': 30, '공시(표지 기준일)': 30, '계산(종가×주식수)': 30, '계산(누적차감)': 22, '계산(연간-3분기누적)': 21} | 검증실패 없음 | 라벨중복 없음 | 정정판본 없음 | 2s
HPQ | {'공시': 125, '계산(누적차감)': 23, '계산(부채및자본-총자본)': 26, 'API': 30, '공시(표지 기준일)': 30, '계산(종가×주식수)': 30, '계산(연간-3분기누적)': 12, '공시(비지배 없음)': 15, '계산(연간-3분기누적)(재작성 반영)': 9, '계산(부채및자본-총자본)(재작성 반영)': 4, '공시(비지배 없음)(재작성 반영)': 4, '공시(재작성 반영)': 22} | 검증실패 없음 | 라벨중복 없음 | 정정판본 ['2019Q3', '2022Q3'] | 2s
재작성 기록: {'재분류(미반영)': 11, '재작성 검증 실패(원 공시 유지)': 60, '재작성 반영': 79}
rows: 6600 | 빈 값: 0 | 빈 출처: 0
